<html>
<body>
<pre>
<h1>µVision Build Log</h1>
<h2>Project:</h2>
C:\Workspace\Work\Programming\ARM - STM32\STM32F407-Discovery\Project\My Projects\AOS\MDK-ARM\AOS.uvproj
Project File Date:  02/17/2013

<h2>Output:</h2>
Rebuild target 'AOS'
compiling main.c...
compiling stm32f4xx_it.c...
compiling system_stm32f4xx.c...
compiling stm32f4xx_rcc.c...
compiling misc.c...
compiling stm32f4xx_gpio.c...
compiling stm32f4xx_syscfg.c...
compiling stm32f4xx_exti.c...
compiling stm32f4xx_flash.c...
compiling stm32f4xx_fsmc.c...
compiling stm32f4xx_sdio.c...
compiling stm32f4xx_dma.c...
compiling stm32f4xx_spi.c...
compiling stm32f4xx_i2c.c...
compiling stm32f4xx_usart.c...
compiling stm32f4xx_rtc.c...
compiling stm32f4xx_pwr.c...
assembling startup_stm32f4xx.s...
compiling AsciiLib.c...
compiling ILI9481.c...
compiling LCD.c...
compiling stm324xg_eval.c...
compiling stm324xg_eval_sdio_sd.c...
compiling diskio.c...
compiling ff.c...
..\FATFS\src\ff.c(1716): warning:  #111-D: statement is unreachable
compiling SDUser.c...
compiling fattime.c...
compiling ccsbcs.c...
compiling UserControls_Button.c...
compiling UserControls_CheckBox.c...
compiling UserControls_ListBox.c...
compiling UserControls_MessageBox.c...
compiling UserControls_RadioButton.c...
compiling UserControls_ValueRegulator.c...
compiling flash.c...
compiling TouchPanel.c...
compiling Core.c...
compiling FormManager.c...
compiling PWR.c...
compiling RTC_Time.c...
linking...
.\AOS\AOS.axf: Error: L6220E: Load region LR_IROM1 size (45184 bytes) exceeds limit (44912 bytes). Region contains 63 bytes of padding and 0 bytes of veneers (total 63 bytes of linker generated content).
.\AOS\AOS.axf: Error: L6220E: Execution region ER_IROM1 size (45004 bytes) exceeds limit (44912 bytes). Region contains 49 bytes of padding and 0 bytes of veneers (total 49 bytes of linker generated content).
Target not created
Rebuild target 'AOS'
compiling main.c...
compiling stm32f4xx_it.c...
compiling system_stm32f4xx.c...
compiling stm32f4xx_rcc.c...
compiling misc.c...
compiling stm32f4xx_gpio.c...
compiling stm32f4xx_syscfg.c...
compiling stm32f4xx_exti.c...
compiling stm32f4xx_flash.c...
compiling stm32f4xx_fsmc.c...
compiling stm32f4xx_sdio.c...
compiling stm32f4xx_dma.c...
compiling stm32f4xx_spi.c...
compiling stm32f4xx_i2c.c...
compiling stm32f4xx_usart.c...
compiling stm32f4xx_rtc.c...
compiling stm32f4xx_pwr.c...
assembling startup_stm32f4xx.s...
compiling AsciiLib.c...
compiling ILI9481.c...
compiling LCD.c...
compiling stm324xg_eval.c...
compiling stm324xg_eval_sdio_sd.c...
compiling diskio.c...
compiling ff.c...
..\FATFS\src\ff.c(1716): warning:  #111-D: statement is unreachable
compiling SDUser.c...
compiling fattime.c...
compiling ccsbcs.c...
compiling UserControls_Button.c...
compiling UserControls_CheckBox.c...
compiling UserControls_ListBox.c...
compiling UserControls_MessageBox.c...
compiling UserControls_RadioButton.c...
compiling UserControls_ValueRegulator.c...
compiling flash.c...
compiling TouchPanel.c...
compiling Core.c...
compiling FormManager.c...
compiling PWR.c...
compiling RTC_Time.c...
linking...
.\AOS\AOS.axf: Error: L6220E: Load region LR_IROM1 size (45184 bytes) exceeds limit (44921 bytes). Region contains 63 bytes of padding and 0 bytes of veneers (total 63 bytes of linker generated content).
.\AOS\AOS.axf: Error: L6220E: Execution region ER_IROM1 size (45004 bytes) exceeds limit (44921 bytes). Region contains 49 bytes of padding and 0 bytes of veneers (total 49 bytes of linker generated content).
Target not created
Rebuild target 'AOS'
compiling main.c...
compiling stm32f4xx_it.c...
compiling system_stm32f4xx.c...
compiling stm32f4xx_rcc.c...
compiling misc.c...
compiling stm32f4xx_gpio.c...
compiling stm32f4xx_syscfg.c...
compiling stm32f4xx_exti.c...
compiling stm32f4xx_flash.c...
compiling stm32f4xx_fsmc.c...
compiling stm32f4xx_sdio.c...
compiling stm32f4xx_dma.c...
compiling stm32f4xx_spi.c...
compiling stm32f4xx_i2c.c...
compiling stm32f4xx_usart.c...
compiling stm32f4xx_rtc.c...
compiling stm32f4xx_pwr.c...
assembling startup_stm32f4xx.s...
compiling AsciiLib.c...
compiling ILI9481.c...
compiling LCD.c...
compiling stm324xg_eval.c...
compiling stm324xg_eval_sdio_sd.c...
compiling diskio.c...
compiling ff.c...
..\FATFS\src\ff.c(1716): warning:  #111-D: statement is unreachable
compiling SDUser.c...
compiling fattime.c...
compiling ccsbcs.c...
compiling UserControls_Button.c...
compiling UserControls_CheckBox.c...
compiling UserControls_ListBox.c...
compiling UserControls_MessageBox.c...
compiling UserControls_RadioButton.c...
compiling UserControls_ValueRegulator.c...
compiling flash.c...
compiling TouchPanel.c...
compiling Core.c...
compiling FormManager.c...
compiling PWR.c...
compiling RTC_Time.c...
linking...
.\AOS\AOS.axf: Error: L6220E: Load region LR_IROM1 size (45184 bytes) exceeds limit (44928 bytes). Region contains 63 bytes of padding and 0 bytes of veneers (total 63 bytes of linker generated content).
.\AOS\AOS.axf: Error: L6220E: Execution region ER_IROM1 size (45004 bytes) exceeds limit (44928 bytes). Region contains 49 bytes of padding and 0 bytes of veneers (total 49 bytes of linker generated content).
Target not created
Rebuild target 'AOS'
compiling main.c...
compiling stm32f4xx_it.c...
compiling system_stm32f4xx.c...
compiling stm32f4xx_rcc.c...
compiling misc.c...
compiling stm32f4xx_gpio.c...
compiling stm32f4xx_syscfg.c...
compiling stm32f4xx_exti.c...
compiling stm32f4xx_flash.c...
compiling stm32f4xx_fsmc.c...
compiling stm32f4xx_sdio.c...
compiling stm32f4xx_dma.c...
compiling stm32f4xx_spi.c...
compiling stm32f4xx_i2c.c...
compiling stm32f4xx_usart.c...
compiling stm32f4xx_rtc.c...
compiling stm32f4xx_pwr.c...
assembling startup_stm32f4xx.s...
compiling AsciiLib.c...
compiling ILI9481.c...
compiling LCD.c...
compiling stm324xg_eval.c...
compiling stm324xg_eval_sdio_sd.c...
compiling diskio.c...
compiling ff.c...
..\FATFS\src\ff.c(1716): warning:  #111-D: statement is unreachable
compiling SDUser.c...
compiling fattime.c...
compiling ccsbcs.c...
compiling UserControls_Button.c...
compiling UserControls_CheckBox.c...
compiling UserControls_ListBox.c...
compiling UserControls_MessageBox.c...
compiling UserControls_RadioButton.c...
compiling UserControls_ValueRegulator.c...
compiling flash.c...
compiling TouchPanel.c...
compiling Core.c...
compiling FormManager.c...
compiling PWR.c...
compiling RTC_Time.c...
linking...
Program Size: Code=38196 RO-data=6808 RW-data=180 ZI-data=9900  
FromELF: creating hex file...
".\AOS\AOS.axf" - 0 Error(s), 1 Warning(s).
Rebuild target 'AOS'
compiling main.c...
compiling stm32f4xx_it.c...
compiling system_stm32f4xx.c...
compiling stm32f4xx_rcc.c...
compiling misc.c...
compiling stm32f4xx_gpio.c...
compiling stm32f4xx_syscfg.c...
compiling stm32f4xx_exti.c...
compiling stm32f4xx_flash.c...
compiling stm32f4xx_fsmc.c...
compiling stm32f4xx_sdio.c...
compiling stm32f4xx_dma.c...
compiling stm32f4xx_spi.c...
compiling stm32f4xx_i2c.c...
compiling stm32f4xx_usart.c...
compiling stm32f4xx_rtc.c...
compiling stm32f4xx_pwr.c...
assembling startup_stm32f4xx.s...
compiling AsciiLib.c...
compiling ILI9481.c...
compiling LCD.c...
compiling stm324xg_eval.c...
compiling stm324xg_eval_sdio_sd.c...
compiling diskio.c...
compiling ff.c...
..\FATFS\src\ff.c(1716): warning:  #111-D: statement is unreachable
compiling SDUser.c...
compiling fattime.c...
compiling ccsbcs.c...
compiling UserControls_Button.c...
compiling UserControls_CheckBox.c...
compiling UserControls_ListBox.c...
compiling UserControls_MessageBox.c...
compiling UserControls_RadioButton.c...
compiling UserControls_ValueRegulator.c...
compiling flash.c...
compiling TouchPanel.c...
compiling Core.c...
compiling FormManager.c...
compiling PWR.c...
compiling RTC_Time.c...
linking...
.\AOS\AOS.axf: Error: L6220E: Load region LR_IROM1 size (45184 bytes) exceeds limit (45040 bytes). Region contains 63 bytes of padding and 0 bytes of veneers (total 63 bytes of linker generated content).
Target not created
