ARM Linker, 5.02 [Build 28] [MDK-ARM Standard][RL-ARM]

==============================================================================

Section Cross References

    main.o(i.main) refers to pwr.o(i.PWR_InitButtons) for PWR_InitButtons
    main.o(i.main) refers to diskio.o(i.disk_initialize) for disk_initialize
    main.o(i.main) refers to ff.o(i.f_mount) for f_mount
    main.o(i.main) refers to ili9481.o(i.LCD_Initialization) for LCD_Initialization
    main.o(i.main) refers to ili9481.o(i.LCD_Clear) for LCD_Clear
    main.o(i.main) refers to ili9481.o(i.LCD_Led_On) for LCD_Led_On
    main.o(i.main) refers to touchpanel.o(i.TP_Init) for TP_Init
    main.o(i.main) refers to pwr.o(i.PWR_CheckStartupCalibrate) for PWR_CheckStartupCalibrate
    main.o(i.main) refers to rtc_time.o(i.RTC_Time_Init) for RTC_Time_Init
    main.o(i.main) refers to formmanager.o(i.Get_Select_Form) for Get_Select_Form
    main.o(i.main) refers to formmanager.o(i.Form_Show) for Form_Show
    main.o(i.main) refers to formmanager.o(i.Form_Handle) for Form_Handle
    main.o(i.main) refers to sduser.o(.bss) for fs
    stm32f4xx_it.o(i.DMA2_Stream3_IRQHandler) refers to stm324xg_eval_sdio_sd.o(i.SD_ProcessDMAIRQ) for SD_ProcessDMAIRQ
    stm32f4xx_it.o(i.EXTI0_IRQHandler) refers to stm32f4xx_exti.o(i.EXTI_GetITStatus) for EXTI_GetITStatus
    stm32f4xx_it.o(i.EXTI0_IRQHandler) refers to stm32f4xx_exti.o(i.EXTI_ClearITPendingBit) for EXTI_ClearITPendingBit
    stm32f4xx_it.o(i.EXTI4_IRQHandler) refers to stm32f4xx_exti.o(i.EXTI_GetITStatus) for EXTI_GetITStatus
    stm32f4xx_it.o(i.EXTI4_IRQHandler) refers to stm32f4xx_exti.o(i.EXTI_ClearITPendingBit) for EXTI_ClearITPendingBit
    stm32f4xx_it.o(i.SDIO_IRQHandler) refers to stm324xg_eval_sdio_sd.o(i.SD_ProcessIRQSrc) for SD_ProcessIRQSrc
    stm32f4xx_it.o(i.SysTick_Handler) refers to stm32f4xx_gpio.o(i.GPIO_ReadInputDataBit) for GPIO_ReadInputDataBit
    stm32f4xx_it.o(i.SysTick_Handler) refers to formmanager.o(i.DrawClock) for DrawClock
    stm32f4xx_it.o(i.SysTick_Handler) refers to stm32f4xx_it.o(.data) for .data
    system_stm32f4xx.o(i.SystemCoreClockUpdate) refers to system_stm32f4xx.o(.data) for .data
    system_stm32f4xx.o(i.SystemInit) refers to system_stm32f4xx.o(i.SetSysClock) for SetSysClock
    stm32f4xx_rcc.o(i.RCC_GetClocksFreq) refers to stm32f4xx_rcc.o(.data) for .data
    stm32f4xx_rcc.o(i.RCC_WaitForHSEStartUp) refers to stm32f4xx_rcc.o(i.RCC_GetFlagStatus) for RCC_GetFlagStatus
    stm32f4xx_gpio.o(i.GPIO_DeInit) refers to stm32f4xx_rcc.o(i.RCC_AHB1PeriphResetCmd) for RCC_AHB1PeriphResetCmd
    stm32f4xx_syscfg.o(i.SYSCFG_DeInit) refers to stm32f4xx_rcc.o(i.RCC_APB2PeriphResetCmd) for RCC_APB2PeriphResetCmd
    stm32f4xx_flash.o(i.FLASH_EraseAllSectors) refers to stm32f4xx_flash.o(i.FLASH_WaitForLastOperation) for FLASH_WaitForLastOperation
    stm32f4xx_flash.o(i.FLASH_EraseSector) refers to stm32f4xx_flash.o(i.FLASH_WaitForLastOperation) for FLASH_WaitForLastOperation
    stm32f4xx_flash.o(i.FLASH_OB_Launch) refers to stm32f4xx_flash.o(i.FLASH_WaitForLastOperation) for FLASH_WaitForLastOperation
    stm32f4xx_flash.o(i.FLASH_OB_RDPConfig) refers to stm32f4xx_flash.o(i.FLASH_WaitForLastOperation) for FLASH_WaitForLastOperation
    stm32f4xx_flash.o(i.FLASH_OB_UserConfig) refers to stm32f4xx_flash.o(i.FLASH_WaitForLastOperation) for FLASH_WaitForLastOperation
    stm32f4xx_flash.o(i.FLASH_OB_WRPConfig) refers to stm32f4xx_flash.o(i.FLASH_WaitForLastOperation) for FLASH_WaitForLastOperation
    stm32f4xx_flash.o(i.FLASH_ProgramByte) refers to stm32f4xx_flash.o(i.FLASH_WaitForLastOperation) for FLASH_WaitForLastOperation
    stm32f4xx_flash.o(i.FLASH_ProgramDoubleWord) refers to stm32f4xx_flash.o(i.FLASH_WaitForLastOperation) for FLASH_WaitForLastOperation
    stm32f4xx_flash.o(i.FLASH_ProgramHalfWord) refers to stm32f4xx_flash.o(i.FLASH_WaitForLastOperation) for FLASH_WaitForLastOperation
    stm32f4xx_flash.o(i.FLASH_ProgramWord) refers to stm32f4xx_flash.o(i.FLASH_WaitForLastOperation) for FLASH_WaitForLastOperation
    stm32f4xx_flash.o(i.FLASH_WaitForLastOperation) refers to stm32f4xx_flash.o(i.FLASH_GetStatus) for FLASH_GetStatus
    stm32f4xx_sdio.o(i.SDIO_DeInit) refers to stm32f4xx_rcc.o(i.RCC_APB2PeriphResetCmd) for RCC_APB2PeriphResetCmd
    stm32f4xx_spi.o(i.SPI_I2S_DeInit) refers to stm32f4xx_rcc.o(i.RCC_APB2PeriphResetCmd) for RCC_APB2PeriphResetCmd
    stm32f4xx_spi.o(i.SPI_I2S_DeInit) refers to stm32f4xx_rcc.o(i.RCC_APB1PeriphResetCmd) for RCC_APB1PeriphResetCmd
    stm32f4xx_i2c.o(i.I2C_DeInit) refers to stm32f4xx_rcc.o(i.RCC_APB1PeriphResetCmd) for RCC_APB1PeriphResetCmd
    stm32f4xx_i2c.o(i.I2C_Init) refers to stm32f4xx_rcc.o(i.RCC_GetClocksFreq) for RCC_GetClocksFreq
    stm32f4xx_usart.o(i.USART_DeInit) refers to stm32f4xx_rcc.o(i.RCC_APB2PeriphResetCmd) for RCC_APB2PeriphResetCmd
    stm32f4xx_usart.o(i.USART_DeInit) refers to stm32f4xx_rcc.o(i.RCC_APB1PeriphResetCmd) for RCC_APB1PeriphResetCmd
[...]
    _controls                                0x200018f8   Data        1120  usercontrols_radiobutton.o(.bss)
    _lastNumb                                0x20001d58   Data          10  usercontrols_radiobutton.o(.bss)
    .bss                                     0x20001d64   Section     1450  usercontrols_valueregulator.o(.bss)
    _controls                                0x20001d64   Data        1400  usercontrols_valueregulator.o(.bss)
    _totalText                               0x200022dc   Data          50  usercontrols_valueregulator.o(.bss)
    .bss                                     0x20002310   Section       68  touchpanel.o(.bss)
    .bss                                     0x20002354   Section       12  rtc_time.o(.bss)
    STACK                                    0x20002360   Section     1024  startup_stm32f4xx.o(STACK)

    Global Symbols

    Symbol Name                              Value     Ov Type        Size  Object(Section)

    BuildAttributes$$THM_ISAv4$E$P$D$K$B$S$7EM$PE$A:L22UL41UL21$X:L11$S22US41US21$IEEE1$IW$USESV6$~STKCKD$USESV7$~SHL$OTIME$ROPI$IEEEJ$EBA8$MICROLIB$REQ8$PRES8$EABIv2 0x00000000   Number         0  anon$$obj.o ABSOLUTE
    __ARM_use_no_argv                        0x00000000   Number         0  main.o ABSOLUTE
    _printf_a                                0x00000000   Number         0  stubs.o ABSOLUTE
    _printf_c                                0x00000000   Number         0  stubs.o ABSOLUTE
    _printf_charcount                        0x00000000   Number         0  stubs.o ABSOLUTE
    _printf_d                                0x00000000   Number         0  stubs.o ABSOLUTE
    _printf_e                                0x00000000   Number         0  stubs.o ABSOLUTE
    _printf_f                                0x00000000   Number         0  stubs.o ABSOLUTE
    _printf_flags                            0x00000000   Number         0  stubs.o ABSOLUTE
    _printf_fp_dec                           0x00000000   Number         0  stubs.o ABSOLUTE
    _printf_fp_hex                           0x00000000   Number         0  stubs.o ABSOLUTE
    _printf_g                                0x00000000   Number         0  stubs.o ABSOLUTE
    _printf_i                                0x00000000   Number         0  stubs.o ABSOLUTE
    _printf_int_dec                          0x00000000   Number         0  stubs.o ABSOLUTE
    _printf_l                                0x00000000   Number         0  stubs.o ABSOLUTE
    _printf_lc                               0x00000000   Number         0  stubs.o ABSOLUTE
    _printf_ll                               0x00000000   Number         0  stubs.o ABSOLUTE
    _printf_lld                              0x00000000   Number         0  stubs.o ABSOLUTE
    _printf_lli                              0x00000000   Number         0  stubs.o ABSOLUTE
    _printf_llo                              0x00000000   Number         0  stubs.o ABSOLUTE
    _printf_llu                              0x00000000   Number         0  stubs.o ABSOLUTE
    _printf_llx                              0x00000000   Number         0  stubs.o ABSOLUTE
    _printf_longlong_dec                     0x00000000   Number         0  stubs.o ABSOLUTE
    _printf_longlong_hex                     0x00000000   Number         0  stubs.o ABSOLUTE
    _printf_longlong_oct                     0x00000000   Number         0  stubs.o ABSOLUTE
    _printf_ls                               0x00000000   Number         0  stubs.o ABSOLUTE
    _printf_mbtowc                           0x00000000   Number         0  stubs.o ABSOLUTE
    _printf_n                                0x00000000   Number         0  stubs.o ABSOLUTE
    _printf_o                                0x00000000   Number         0  stubs.o ABSOLUTE
    _printf_p                                0x00000000   Number         0  stubs.o ABSOLUTE
    _printf_percent                          0x00000000   Number         0  stubs.o ABSOLUTE
    _printf_pre_padding                      0x00000000   Number         0  stubs.o ABSOLUTE
    _printf_return_value                     0x00000000   Number         0  stubs.o ABSOLUTE
    _printf_s                                0x00000000   Number         0  stubs.o ABSOLUTE
    _printf_sizespec                         0x00000000   Number         0  stubs.o ABSOLUTE
    _printf_str                              0x00000000   Number         0  stubs.o ABSOLUTE
    _printf_truncate_signed                  0x00000000   Number         0  stubs.o ABSOLUTE
    _printf_truncate_unsigned                0x00000000   Number         0  stubs.o ABSOLUTE
    _printf_u                                0x00000000   Number         0  stubs.o ABSOLUTE
    _printf_wc                               0x00000000   Number         0  stubs.o ABSOLUTE
    _printf_wctomb                           0x00000000   Number         0  stubs.o ABSOLUTE
    _printf_widthprec                        0x00000000   Number         0  stubs.o ABSOLUTE
    _printf_x                                0x00000000   Number         0  stubs.o ABSOLUTE
    __decompress                              - Undefined Weak Reference
    _clock_init                               - Undefined Weak Reference
    __Vectors_Size                           0x00000188   Number         0  startup_stm32f4xx.o ABSOLUTE
    __Vectors                                0x08000000   Data           4  startup_stm32f4xx.o(RESET)
    __Vectors_End                            0x08000188   Data           0  startup_stm32f4xx.o(RESET)
    __main                                   0x08000189   Thumb Code     0  entry.o(.ARM.Collect$$$$00000000)
    _main_stk                                0x08000189   Thumb Code     0  entry2.o(.ARM.Collect$$$$00000001)
    _main_scatterload                        0x0800018d   Thumb Code     0  entry5.o(.ARM.Collect$$$$00000004)
    __main_after_scatterload                 0x08000191   Thumb Code     0  entry5.o(.ARM.Collect$$$$00000004)
    _main_clock                              0x08000191   Thumb Code     0  entry7b.o(.ARM.Collect$$$$00000008)
    _main_init                               0x08000191   Thumb Code     0  entry8.o(.ARM.Collect$$$$00000009)
    Reset_Handler                            0x0800019d   Thumb Code     8  startup_stm32f4xx.o(.text)
    ADC_IRQHandler                           0x080001b7   Thumb Code     0  startup_stm32f4xx.o(.text)
    CAN1_RX0_IRQHandler                      0x080001b7   Thumb Code     0  startup_stm32f4xx.o(.text)
    CAN1_RX1_IRQHandler                      0x080001b7   Thumb Code     0  startup_stm32f4xx.o(.text)
    CAN1_SCE_IRQHandler                      0x080001b7   Thumb Code     0  startup_stm32f4xx.o(.text)
    CAN1_TX_IRQHandler                       0x080001b7   Thumb Code     0  startup_stm32f4xx.o(.text)
    CAN2_RX0_IRQHandler                      0x080001b7   Thumb Code     0  startup_stm32f4xx.o(.text)
    CAN2_RX1_IRQHandler                      0x080001b7   Thumb Code     0  startup_stm32f4xx.o(.text)
    CAN2_SCE_IRQHandler                      0x080001b7   Thumb Code     0  startup_stm32f4xx.o(.text)
    CAN2_TX_IRQHandler                       0x080001b7   Thumb Code     0  startup_stm32f4xx.o(.text)
    CRYP_IRQHandler                          0x080001b7   Thumb Code     0  startup_stm32f4xx.o(.text)
    DCMI_IRQHandler                          0x080001b7   Thumb Code     0  startup_stm32f4xx.o(.text)
    DMA1_Stream0_IRQHandler                  0x080001b7   Thumb Code     0  startup_stm32f4xx.o(.text)
    DMA1_Stream1_IRQHandler                  0x080001b7   Thumb Code     0  startup_stm32f4xx.o(.text)
    DMA1_Stream2_IRQHandler                  0x080001b7   Thumb Code     0  startup_stm32f4xx.o(.text)
    DMA1_Stream3_IRQHandler                  0x080001b7   Thumb Code     0  startup_stm32f4xx.o(.text)
    DMA1_Stream4_IRQHandler                  0x080001b7   Thumb Code     0  startup_stm32f4xx.o(.text)
    DMA1_Stream5_IRQHandler                  0x080001b7   Thumb Code     0  startup_stm32f4xx.o(.text)
    DMA1_Stream6_IRQHandler                  0x080001b7   Thumb Code     0  startup_stm32f4xx.o(.text)
    DMA1_Stream7_IRQHandler                  0x080001b7   Thumb Code     0  startup_stm32f4xx.o(.text)
    DMA2_Stream0_IRQHandler                  0x080001b7   Thumb Code     0  startup_stm32f4xx.o(.text)
    DMA2_Stream1_IRQHandler                  0x080001b7   Thumb Code     0  startup_stm32f4xx.o(.text)
    DMA2_Stream2_IRQHandler                  0x080001b7   Thumb Code     0  startup_stm32f4xx.o(.text)
    DMA2_Stream4_IRQHandler                  0x080001b7   Thumb Code     0  startup_stm32f4xx.o(.text)
    DMA2_Stream5_IRQHandler                  0x080001b7   Thumb Code     0  startup_stm32f4xx.o(.text)
    DMA2_Stream6_IRQHandler                  0x080001b7   Thumb Code     0  startup_stm32f4xx.o(.text)
    DMA2_Stream7_IRQHandler                  0x080001b7   Thumb Code     0  startup_stm32f4xx.o(.text)
    ETH_IRQHandler                           0x080001b7   Thumb Code     0  startup_stm32f4xx.o(.text)
    ETH_WKUP_IRQHandler                      0x080001b7   Thumb Code     0  startup_stm32f4xx.o(.text)
    EXTI15_10_IRQHandler                     0x080001b7   Thumb Code     0  startup_stm32f4xx.o(.text)
    EXTI1_IRQHandler                         0x080001b7   Thumb Code     0  startup_stm32f4xx.o(.text)
    EXTI2_IRQHandler                         0x080001b7   Thumb Code     0  startup_stm32f4xx.o(.text)
    EXTI3_IRQHandler                         0x080001b7   Thumb Code     0  startup_stm32f4xx.o(.text)
    EXTI9_5_IRQHandler                       0x080001b7   Thumb Code     0  startup_stm32f4xx.o(.text)
    FLASH_IRQHandler                         0x080001b7   Thumb Code     0  startup_stm32f4xx.o(.text)
    FPU_IRQHandler                           0x080001b7   Thumb Code     0  startup_stm32f4xx.o(.text)
    FSMC_IRQHandler                          0x080001b7   Thumb Code     0  startup_stm32f4xx.o(.text)
    HASH_RNG_IRQHandler                      0x080001b7   Thumb Code     0  startup_stm32f4xx.o(.text)
    I2C1_ER_IRQHandler                       0x080001b7   Thumb Code     0  startup_stm32f4xx.o(.text)
    I2C1_EV_IRQHandler                       0x080001b7   Thumb Code     0  startup_stm32f4xx.o(.text)
    I2C2_ER_IRQHandler                       0x080001b7   Thumb Code     0  startup_stm32f4xx.o(.text)
    I2C2_EV_IRQHandler                       0x080001b7   Thumb Code     0  startup_stm32f4xx.o(.text)
    I2C3_ER_IRQHandler                       0x080001b7   Thumb Code     0  startup_stm32f4xx.o(.text)
    I2C3_EV_IRQHandler                       0x080001b7   Thumb Code     0  startup_stm32f4xx.o(.text)
    OTG_FS_IRQHandler                        0x080001b7   Thumb Code     0  startup_stm32f4xx.o(.text)
    OTG_FS_WKUP_IRQHandler                   0x080001b7   Thumb Code     0  startup_stm32f4xx.o(.text)
    OTG_HS_EP1_IN_IRQHandler                 0x080001b7   Thumb Code     0  startup_stm32f4xx.o(.text)
    OTG_HS_EP1_OUT_IRQHandler                0x080001b7   Thumb Code     0  startup_stm32f4xx.o(.text)
    OTG_HS_IRQHandler                        0x080001b7   Thumb Code     0  startup_stm32f4xx.o(.text)
    OTG_HS_WKUP_IRQHandler                   0x080001b7   Thumb Code     0  startup_stm32f4xx.o(.text)
    PVD_IRQHandler                           0x080001b7   Thumb Code     0  startup_stm32f4xx.o(.text)
    RCC_IRQHandler                           0x080001b7   Thumb Code     0  startup_stm32f4xx.o(.text)
    RTC_Alarm_IRQHandler                     0x080001b7   Thumb Code     0  startup_stm32f4xx.o(.text)
    RTC_WKUP_IRQHandler                      0x080001b7   Thumb Code     0  startup_stm32f4xx.o(.text)
    SPI1_IRQHandler                          0x080001b7   Thumb Code     0  startup_stm32f4xx.o(.text)
    SPI2_IRQHandler                          0x080001b7   Thumb Code     0  startup_stm32f4xx.o(.text)
    SPI3_IRQHandler                          0x080001b7   Thumb Code     0  startup_stm32f4xx.o(.text)
    TAMP_STAMP_IRQHandler                    0x080001b7   Thumb Code     0  startup_stm32f4xx.o(.text)
    TIM1_BRK_TIM9_IRQHandler                 0x080001b7   Thumb Code     0  startup_stm32f4xx.o(.text)
    TIM1_CC_IRQHandler                       0x080001b7   Thumb Code     0  startup_stm32f4xx.o(.text)
    TIM1_TRG_COM_TIM11_IRQHandler            0x080001b7   Thumb Code     0  startup_stm32f4xx.o(.text)
    TIM1_UP_TIM10_IRQHandler                 0x080001b7   Thumb Code     0  startup_stm32f4xx.o(.text)
    TIM2_IRQHandler                          0x080001b7   Thumb Code     0  startup_stm32f4xx.o(.text)
    TIM3_IRQHandler                          0x080001b7   Thumb Code     0  startup_stm32f4xx.o(.text)
    TIM4_IRQHandler                          0x080001b7   Thumb Code     0  startup_stm32f4xx.o(.text)
    TIM5_IRQHandler                          0x080001b7   Thumb Code     0  startup_stm32f4xx.o(.text)
    TIM6_DAC_IRQHandler                      0x080001b7   Thumb Code     0  startup_stm32f4xx.o(.text)
    TIM7_IRQHandler                          0x080001b7   Thumb Code     0  startup_stm32f4xx.o(.text)
    TIM8_BRK_TIM12_IRQHandler                0x080001b7   Thumb Code     0  startup_stm32f4xx.o(.text)
    TIM8_CC_IRQHandler                       0x080001b7   Thumb Code     0  startup_stm32f4xx.o(.text)
    TIM8_TRG_COM_TIM14_IRQHandler            0x080001b7   Thumb Code     0  startup_stm32f4xx.o(.text)
    TIM8_UP_TIM13_IRQHandler                 0x080001b7   Thumb Code     0  startup_stm32f4xx.o(.text)
    UART4_IRQHandler                         0x080001b7   Thumb Code     0  startup_stm32f4xx.o(.text)
    UART5_IRQHandler                         0x080001b7   Thumb Code     0  startup_stm32f4xx.o(.text)
    USART1_IRQHandler                        0x080001b7   Thumb Code     0  startup_stm32f4xx.o(.text)
    USART2_IRQHandler                        0x080001b7   Thumb Code     0  startup_stm32f4xx.o(.text)
    USART3_IRQHandler                        0x080001b7   Thumb Code     0  startup_stm32f4xx.o(.text)
    USART6_IRQHandler                        0x080001b7   Thumb Code     0  startup_stm32f4xx.o(.text)
    WWDG_IRQHandler                          0x080001b7   Thumb Code     0  startup_stm32f4xx.o(.text)
    __aeabi_memcpy                           0x080001c1   Thumb Code    36  memcpya.o(.text)
    __aeabi_memcpy4                          0x080001c1   Thumb Code     0  memcpya.o(.text)
    __aeabi_memcpy8                          0x080001c1   Thumb Code     0  memcpya.o(.text)
    __aeabi_memset                           0x080001e5   Thumb Code    14  memseta.o(.text)
    __aeabi_memset4                          0x080001e5   Thumb Code     0  memseta.o(.text)
    __aeabi_memset8                          0x080001e5   Thumb Code     0  memseta.o(.text)
    __aeabi_memclr                           0x080001f3   Thumb Code     4  memseta.o(.text)
    __aeabi_memclr4                          0x080001f3   Thumb Code     0  memseta.o(.text)
    __aeabi_memclr8                          0x080001f3   Thumb Code     0  memseta.o(.text)
    _memset$wrapper                          0x080001f7   Thumb Code    18  memseta.o(.text)
    strcat                                   0x08000209   Thumb Code    28  strcat.o(.text)
    strlen                                   0x08000225   Thumb Code    16  strlen.o(.text)
    strcmp                                   0x08000235   Thumb Code    28  strcmp.o(.text)
    strcpy                                   0x08000251   Thumb Code    18  strcpy.o(.text)
    atoi                                     0x08000263   Thumb Code    26  atoi.o(.text)
    __aeabi_dadd                             0x0800027d   Thumb Code   322  dadd.o(.text)
    __aeabi_dsub                             0x080003bf   Thumb Code     6  dadd.o(.text)
    __aeabi_drsub                            0x080003c5   Thumb Code     6  dadd.o(.text)
    __aeabi_dmul                             0x080003cb   Thumb Code   228  dmul.o(.text)
    __aeabi_ddiv                             0x080004af   Thumb Code   222  ddiv.o(.text)
    __aeabi_i2d                              0x0800058d   Thumb Code    34  dflti.o(.text)
    __aeabi_ui2d                             0x080005af   Thumb Code    26  dfltui.o(.text)
    __aeabi_d2iz                             0x080005c9   Thumb Code    62  dfixi.o(.text)
    __aeabi_d2uiz                            0x08000607   Thumb Code    50  dfixui.o(.text)
    __aeabi_cdcmpeq                          0x08000639   Thumb Code     0  cdcmple.o(.text)
    __aeabi_cdcmple                          0x08000639   Thumb Code    38  cdcmple.o(.text)
    __aeabi_uidiv                            0x08000661   Thumb Code     0  uidiv.o(.text)
    __aeabi_uidivmod                         0x08000661   Thumb Code    44  uidiv.o(.text)
    __aeabi_llsl                             0x0800068d   Thumb Code    30  llshl.o(.text)
    _ll_shift_l                              0x0800068d   Thumb Code     0  llshl.o(.text)
    __aeabi_llsr                             0x080006ab   Thumb Code    32  llushr.o(.text)
    _ll_ushift_r                             0x080006ab   Thumb Code     0  llushr.o(.text)
    __aeabi_lasr                             0x080006cb   Thumb Code    36  llsshr.o(.text)
    _ll_sshift_r                             0x080006cb   Thumb Code     0  llsshr.o(.text)
    __strtod_int                             0x08000727   Thumb Code    88  strtod.o(.text)
    strtol                                   0x0800078d   Thumb Code   112  strtol.o(.text)
    __I$use$fp                               0x080007fd   Thumb Code     0  iusefp.o(.text)
    _double_round                            0x080007fd   Thumb Code    26  depilogue.o(.text)
    _double_epilogue                         0x08000817   Thumb Code   164  depilogue.o(.text)
    __scatterload                            0x080008bd   Thumb Code    28  init.o(.text)
    __scatterload_rt2                        0x080008bd   Thumb Code     0  init.o(.text)
    __rt_ctype_table                         0x080008e1   Thumb Code     4  ctype_o.o(.text)
    isspace                                  0x080008e9   Thumb Code    18  isspace_o.o(.text)
    _scanf_real                              0x080009fd   Thumb Code     0  scanf_fp.o(.text)
    _scanf_really_real                       0x080009fd   Thumb Code   560  scanf_fp.o(.text)
    _sgetc                                   0x08000c39   Thumb Code    30  _sgetc.o(.text)
    _sbackspace                              0x08000c57   Thumb Code    34  _sgetc.o(.text)
    _strtoul                                 0x08000c79   Thumb Code   158  _strtoul.o(.text)
    _chval                                   0x08000d17   Thumb Code    28  _chval.o(.text)
    __aeabi_ul2d                             0x08000d33   Thumb Code    24  dfltul.o(.text)
    __aeabi_d2f                              0x08000d4b   Thumb Code    56  d2f.o(.text)
    _float_round                             0x08000d83   Thumb Code    18  fepilogue.o(.text)
    _float_epilogue                          0x08000d95   Thumb Code    90  fepilogue.o(.text)
    BusFault_Handler                         0x08000def   Thumb Code     2  stm32f4xx_it.o(i.BusFault_Handler)
    Clock_GetTime                            0x08000df1   Thumb Code    32  rtc_time.o(i.Clock_GetTime)
    DMA2_Stream3_IRQHandler                  0x08000fad   Thumb Code     4  stm32f4xx_it.o(i.DMA2_Stream3_IRQHandler)
    DMA_ClearFlag                            0x08000fb1   Thumb Code    32  stm32f4xx_dma.o(i.DMA_ClearFlag)
    DMA_Cmd                                  0x08000fdd   Thumb Code    20  stm32f4xx_dma.o(i.DMA_Cmd)
    DMA_DeInit                               0x08000ff1   Thumb Code   272  stm32f4xx_dma.o(i.DMA_DeInit)
    DMA_FlowControllerConfig                 0x08001115   Thumb Code    20  stm32f4xx_dma.o(i.DMA_FlowControllerConfig)
    DMA_ITConfig                             0x08001129   Thumb Code    44  stm32f4xx_dma.o(i.DMA_ITConfig)
    DMA_Init                                 0x08001155   Thumb Code    80  stm32f4xx_dma.o(i.DMA_Init)
    DebugMon_Handler                         0x080011a9   Thumb Code     2  stm32f4xx_it.o(i.DebugMon_Handler)
    DrawClock                                0x080011c5   Thumb Code   368  formmanager.o(i.DrawClock)
    DrawCross                                0x08001339   Thumb Code   256  touchpanel.o(i.DrawCross)
    EXTI0_IRQHandler                         0x08001439   Thumb Code    24  stm32f4xx_it.o(i.EXTI0_IRQHandler)
    EXTI4_IRQHandler                         0x08001451   Thumb Code    24  stm32f4xx_it.o(i.EXTI4_IRQHandler)
    EXTI_ClearITPendingBit                   0x08001469   Thumb Code     6  stm32f4xx_exti.o(i.EXTI_ClearITPendingBit)
    EXTI_GetITStatus                         0x08001475   Thumb Code    28  stm32f4xx_exti.o(i.EXTI_GetITStatus)
    EXTI_Init                                0x08001495   Thumb Code   108  stm32f4xx_exti.o(i.EXTI_Init)
    FLASH_ClearFlag                          0x08001505   Thumb Code     6  stm32f4xx_flash.o(i.FLASH_ClearFlag)
    FLASH_EraseSector                        0x08001511   Thumb Code   104  stm32f4xx_flash.o(i.FLASH_EraseSector)
    FLASH_GetStatus                          0x0800157d   Thumb Code    46  stm32f4xx_flash.o(i.FLASH_GetStatus)
    FLASH_Lock                               0x080015b1   Thumb Code    12  stm32f4xx_flash.o(i.FLASH_Lock)
    FLASH_ProgramWord                        0x080015c1   Thumb Code    56  stm32f4xx_flash.o(i.FLASH_ProgramWord)
    FLASH_Unlock                             0x080015fd   Thumb Code    22  stm32f4xx_flash.o(i.FLASH_Unlock)
    FLASH_WaitForLastOperation               0x08001621   Thumb Code    14  stm32f4xx_flash.o(i.FLASH_WaitForLastOperation)
    FSMC_NORSRAMCmd                          0x08001631   Thumb Code    28  stm32f4xx_fsmc.o(i.FSMC_NORSRAMCmd)
    FSMC_NORSRAMInit                         0x08001651   Thumb Code   192  stm32f4xx_fsmc.o(i.FSMC_NORSRAMInit)
    FlashFirmware                            0x08001845   Thumb Code  1998  flash.o(i.FlashFirmware)
    Form_Handle                              0x080020cd   Thumb Code   272  formmanager.o(i.Form_Handle)
    Form_Show                                0x080021ed   Thumb Code    20  formmanager.o(i.Form_Show)
    GPIO_Init                                0x08002205   Thumb Code   162  stm32f4xx_gpio.o(i.GPIO_Init)
    GPIO_PinAFConfig                         0x080022a7   Thumb Code    32  stm32f4xx_gpio.o(i.GPIO_PinAFConfig)
    GPIO_ReadInputDataBit                    0x080022c7   Thumb Code    14  stm32f4xx_gpio.o(i.GPIO_ReadInputDataBit)
    GPIO_ResetBits                           0x080022d5   Thumb Code     4  stm32f4xx_gpio.o(i.GPIO_ResetBits)
    GPIO_SetBits                             0x080022d9   Thumb Code     4  stm32f4xx_gpio.o(i.GPIO_SetBits)
    GUI_Circle                               0x080022dd   Thumb Code   176  lcd.o(i.GUI_Circle)
    GUI_DrawImage                            0x0800238d   Thumb Code    70  lcd.o(i.GUI_DrawImage)
    GUI_DrawImageWithReplace                 0x080023d3   Thumb Code    78  lcd.o(i.GUI_DrawImageWithReplace)
    GUI_DrawImageWithReplace_SD              0x08002421   Thumb Code   146  lcd.o(i.GUI_DrawImageWithReplace_SD)
    GUI_DrawImage_SD                         0x080024e1   Thumb Code   136  lcd.o(i.GUI_DrawImage_SD)
    GUI_DrawInvertImage                      0x08002595   Thumb Code    40  lcd.o(i.GUI_DrawInvertImage)
    GUI_DrawInvertImage_SD                   0x080025bd   Thumb Code    40  lcd.o(i.GUI_DrawInvertImage_SD)
    GUI_FillCircle                           0x080025e5   Thumb Code     2  lcd.o(i.GUI_FillCircle)
    GUI_FillRectEllipce                      0x080025e7   Thumb Code   220  lcd.o(i.GUI_FillRectEllipce)
    GUI_Line                                 0x080026c3   Thumb Code   226  lcd.o(i.GUI_Line)
    GUI_PutChar                              0x080027a5   Thumb Code   216  lcd.o(i.GUI_PutChar)
    GUI_Rect                                 0x0800287d   Thumb Code    92  lcd.o(i.GUI_Rect)
    GUI_RectEllipce                          0x080028d9   Thumb Code   288  lcd.o(i.GUI_RectEllipce)
    GUI_SmartClear                           0x080029f9   Thumb Code    60  lcd.o(i.GUI_SmartClear)
    GUI_Text                                 0x08002a35   Thumb Code   102  lcd.o(i.GUI_Text)
    GetASCIICode                             0x08002a9d   Thumb Code    48  asciilib.o(i.GetASCIICode)
    GetCharHeight                            0x08002ad9   Thumb Code    18  asciilib.o(i.GetCharHeight)
    GetCharSize                              0x08002af1   Thumb Code    48  asciilib.o(i.GetCharSize)
    GetCharWidth                             0x08002b29   Thumb Code    38  asciilib.o(i.GetCharWidth)
    GetFont                                  0x08002b59   Thumb Code     6  asciilib.o(i.GetFont)
    GetSector                                0x08002b65   Thumb Code   146  flash.o(i.GetSector)
    GetWidth                                 0x08002c21   Thumb Code    28  asciilib.o(i.GetWidth)
    Get_Select_Form                          0x08002c3d   Thumb Code     6  formmanager.o(i.Get_Select_Form)
    HardFault_Handler                        0x08002c49   Thumb Code     2  stm32f4xx_it.o(i.HardFault_Handler)
    LCD_Clear                                0x08002ce5   Thumb Code    52  ili9481.o(i.LCD_Clear)
    LCD_Enter_Invert_Mode                    0x08002e3d   Thumb Code    10  ili9481.o(i.LCD_Enter_Invert_Mode)
    LCD_Enter_Normal_Mode                    0x08002e47   Thumb Code    10  ili9481.o(i.LCD_Enter_Normal_Mode)
    LCD_Enter_Sleep_Mode                     0x08002e51   Thumb Code    10  ili9481.o(i.LCD_Enter_Sleep_Mode)
    LCD_Exit_Invert_Mode                     0x08002e5b   Thumb Code    10  ili9481.o(i.LCD_Exit_Invert_Mode)
    LCD_Exit_Sleep_Mode                      0x08002e65   Thumb Code    10  ili9481.o(i.LCD_Exit_Sleep_Mode)
    LCD_FillRect                             0x08002ebd   Thumb Code   158  ili9481.o(i.LCD_FillRect)
    LCD_GetPoint                             0x08002f65   Thumb Code    74  ili9481.o(i.LCD_GetPoint)
    LCD_HardwareScroll                       0x08002fb9   Thumb Code    80  ili9481.o(i.LCD_HardwareScroll)
    LCD_HardwareScroll_Position              0x08003011   Thumb Code     8  ili9481.o(i.LCD_HardwareScroll_Position)
    LCD_HardwareScroll_Position_Reset        0x0800301d   Thumb Code    46  ili9481.o(i.LCD_HardwareScroll_Position_Reset)
    LCD_Hardware_InvertMode_Off              0x08003055   Thumb Code     8  ili9481.o(i.LCD_Hardware_InvertMode_Off)
    LCD_Hardware_InvertMode_On               0x08003061   Thumb Code     8  ili9481.o(i.LCD_Hardware_InvertMode_On)
    LCD_Initialization                       0x0800306d   Thumb Code   298  ili9481.o(i.LCD_Initialization)
    LCD_Led_Off                              0x080031a1   Thumb Code    10  ili9481.o(i.LCD_Led_Off)
    LCD_Led_On                               0x080031b1   Thumb Code    10  ili9481.o(i.LCD_Led_On)
    LCD_OFF                                  0x080031c1   Thumb Code    10  ili9481.o(i.LCD_OFF)
    LCD_ON                                   0x080031cb   Thumb Code    10  ili9481.o(i.LCD_ON)
    LCD_ReadData                             0x080031d5   Thumb Code     6  ili9481.o(i.LCD_ReadData)
    LCD_ReadReg                              0x080031e1   Thumb Code    12  ili9481.o(i.LCD_ReadReg)
    LCD_SetCursor                            0x080031f1   Thumb Code    34  ili9481.o(i.LCD_SetCursor)
    LCD_SetPoint                             0x08003219   Thumb Code    72  ili9481.o(i.LCD_SetPoint)
    LCD_WriteData                            0x08003269   Thumb Code     6  ili9481.o(i.LCD_WriteData)
    LCD_WriteIndex                           0x08003275   Thumb Code     8  ili9481.o(i.LCD_WriteIndex)
    LCD_WriteReg                             0x0800327d   Thumb Code    12  ili9481.o(i.LCD_WriteReg)
    LoadCalibrate                            0x080032a9   Thumb Code   342  touchpanel.o(i.LoadCalibrate)
    MemManage_Handler                        0x08003449   Thumb Code     2  stm32f4xx_it.o(i.MemManage_Handler)
    MessageBox_GetResult                     0x0800344d   Thumb Code     6  usercontrols_messagebox.o(i.MessageBox_GetResult)
    MessageBox_GetVisible                    0x08003459   Thumb Code     6  usercontrols_messagebox.o(i.MessageBox_GetVisible)
    MessageBox_Handle                        0x08003465   Thumb Code   246  usercontrols_messagebox.o(i.MessageBox_Handle)
    MessageBox_Hide                          0x0800356d   Thumb Code    36  usercontrols_messagebox.o(i.MessageBox_Hide)
    MessageBox_ResetResult                   0x08003595   Thumb Code     8  usercontrols_messagebox.o(i.MessageBox_ResetResult)
    MessageBox_Show                          0x080035a1   Thumb Code    36  usercontrols_messagebox.o(i.MessageBox_Show)
    MessageBox_Show_Procedure                0x080035c9   Thumb Code   448  usercontrols_messagebox.o(i.MessageBox_Show_Procedure)
    NMI_Handler                              0x08003799   Thumb Code     2  stm32f4xx_it.o(i.NMI_Handler)
    NVIC_Init                                0x0800379d   Thumb Code    92  misc.o(i.NVIC_Init)
    NVIC_PriorityGroupConfig                 0x08003801   Thumb Code    10  misc.o(i.NVIC_PriorityGroupConfig)
    NVIC_SetVectorTable                      0x08003815   Thumb Code    12  misc.o(i.NVIC_SetVectorTable)
    PWR_BackupAccessCmd                      0x08003829   Thumb Code     6  stm32f4xx_pwr.o(i.PWR_BackupAccessCmd)
    PWR_CheckStartupCalibrate                0x08003835   Thumb Code    24  pwr.o(i.PWR_CheckStartupCalibrate)
    PWR_ClearFlag                            0x08003851   Thumb Code    12  stm32f4xx_pwr.o(i.PWR_ClearFlag)
    PWR_EnterSTANDBYMode                     0x08003861   Thumb Code    32  stm32f4xx_pwr.o(i.PWR_EnterSTANDBYMode)
    PWR_GetFlagStatus                        0x08003889   Thumb Code    16  stm32f4xx_pwr.o(i.PWR_GetFlagStatus)
    PWR_GoToSleep                            0x0800389d   Thumb Code    20  pwr.o(i.PWR_GoToSleep)
    PWR_InitButtons                          0x080038b1   Thumb Code    72  pwr.o(i.PWR_InitButtons)
    PWR_WakeUpPinCmd                         0x080038f9   Thumb Code     6  stm32f4xx_pwr.o(i.PWR_WakeUpPinCmd)
    PendSV_Handler                           0x08003905   Thumb Code     2  stm32f4xx_it.o(i.PendSV_Handler)
    RCC_AHB1PeriphClockCmd                   0x08003909   Thumb Code    18  stm32f4xx_rcc.o(i.RCC_AHB1PeriphClockCmd)
    RCC_AHB3PeriphClockCmd                   0x08003921   Thumb Code    18  stm32f4xx_rcc.o(i.RCC_AHB3PeriphClockCmd)
    RCC_APB1PeriphClockCmd                   0x08003939   Thumb Code    18  stm32f4xx_rcc.o(i.RCC_APB1PeriphClockCmd)
    RCC_APB1PeriphResetCmd                   0x08003951   Thumb Code    18  stm32f4xx_rcc.o(i.RCC_APB1PeriphResetCmd)
    RCC_APB2PeriphClockCmd                   0x08003969   Thumb Code    18  stm32f4xx_rcc.o(i.RCC_APB2PeriphClockCmd)
    RCC_APB2PeriphResetCmd                   0x08003981   Thumb Code    18  stm32f4xx_rcc.o(i.RCC_APB2PeriphResetCmd)
    RCC_BackupResetCmd                       0x08003999   Thumb Code     6  stm32f4xx_rcc.o(i.RCC_BackupResetCmd)
    RCC_GetFlagStatus                        0x080039a5   Thumb Code    46  stm32f4xx_rcc.o(i.RCC_GetFlagStatus)
    RCC_LSEConfig                            0x080039d9   Thumb Code    22  stm32f4xx_rcc.o(i.RCC_LSEConfig)
    RCC_RTCCLKCmd                            0x080039f5   Thumb Code     6  stm32f4xx_rcc.o(i.RCC_RTCCLKCmd)
    RCC_RTCCLKConfig                         0x08003a01   Thumb Code    40  stm32f4xx_rcc.o(i.RCC_RTCCLKConfig)
    RTC_ClearFlag                            0x08003ac9   Thumb Code    22  stm32f4xx_rtc.o(i.RTC_ClearFlag)
    RTC_Config                               0x08003ae5   Thumb Code    64  rtc_time.o(i.RTC_Config)
    RTC_EnterInitMode                        0x08003b29   Thumb Code    46  stm32f4xx_rtc.o(i.RTC_EnterInitMode)
    RTC_ExitInitMode                         0x08003b5d   Thumb Code    12  stm32f4xx_rtc.o(i.RTC_ExitInitMode)
    RTC_GetTime                              0x08003b6d   Thumb Code    68  stm32f4xx_rtc.o(i.RTC_GetTime)
    RTC_Init                                 0x08003bb9   Thumb Code    74  stm32f4xx_rtc.o(i.RTC_Init)
    RTC_ReadBackupRegister                   0x08003c09   Thumb Code     8  stm32f4xx_rtc.o(i.RTC_ReadBackupRegister)
    RTC_SetTime                              0x08003c15   Thumb Code   146  stm32f4xx_rtc.o(i.RTC_SetTime)
    RTC_TimeRegulate                         0x08003cb1   Thumb Code    54  rtc_time.o(i.RTC_TimeRegulate)
    RTC_Time_Init                            0x08003d09   Thumb Code   112  rtc_time.o(i.RTC_Time_Init)
    RTC_WaitForSynchro                       0x08003da5   Thumb Code    64  stm32f4xx_rtc.o(i.RTC_WaitForSynchro)
    RTC_WriteBackupRegister                  0x08003de9   Thumb Code     8  stm32f4xx_rtc.o(i.RTC_WriteBackupRegister)
    Read_Ads7846                             0x08003df5   Thumb Code   298  touchpanel.o(i.Read_Ads7846)
    Read_Bat                                 0x08003f29   Thumb Code    48  touchpanel.o(i.Read_Bat)
    Read_X                                   0x08003f5d   Thumb Code    48  touchpanel.o(i.Read_X)
    Read_Y                                   0x08003f91   Thumb Code    48  touchpanel.o(i.Read_Y)
    SDIO_ClearFlag                           0x08004085   Thumb Code     6  stm32f4xx_sdio.o(i.SDIO_ClearFlag)
    SDIO_ClearITPendingBit                   0x08004091   Thumb Code     6  stm32f4xx_sdio.o(i.SDIO_ClearITPendingBit)
    SDIO_ClockCmd                            0x0800409d   Thumb Code     6  stm32f4xx_sdio.o(i.SDIO_ClockCmd)
    SDIO_DMACmd                              0x080040a9   Thumb Code     6  stm32f4xx_sdio.o(i.SDIO_DMACmd)
    SDIO_DataConfig                          0x080040b5   Thumb Code    42  stm32f4xx_sdio.o(i.SDIO_DataConfig)
    SDIO_GetCommandResponse                  0x080040e5   Thumb Code     8  stm32f4xx_sdio.o(i.SDIO_GetCommandResponse)
    SDIO_GetFlagStatus                       0x080040f1   Thumb Code    16  stm32f4xx_sdio.o(i.SDIO_GetFlagStatus)
    SDIO_GetITStatus                         0x08004105   Thumb Code    16  stm32f4xx_sdio.o(i.SDIO_GetITStatus)
    SDIO_GetPowerState                       0x08004119   Thumb Code    10  stm32f4xx_sdio.o(i.SDIO_GetPowerState)
    SDIO_GetResponse                         0x08004129   Thumb Code     6  stm32f4xx_sdio.o(i.SDIO_GetResponse)
    SDIO_IRQHandler                          0x08004135   Thumb Code     4  stm32f4xx_it.o(i.SDIO_IRQHandler)
    SDIO_ITConfig                            0x08004139   Thumb Code    18  stm32f4xx_sdio.o(i.SDIO_ITConfig)
    SDIO_Init                                0x08004151   Thumb Code    40  stm32f4xx_sdio.o(i.SDIO_Init)
    SDIO_ReadData                            0x0800417d   Thumb Code     6  stm32f4xx_sdio.o(i.SDIO_ReadData)
    SDIO_SendCommand                         0x08004189   Thumb Code    36  stm32f4xx_sdio.o(i.SDIO_SendCommand)
    SDIO_SetPowerState                       0x080041b1   Thumb Code     6  stm32f4xx_sdio.o(i.SDIO_SetPowerState)
    SD_Detect                                0x080041bd   Thumb Code    20  stm324xg_eval_sdio_sd.o(i.SD_Detect)
    SD_EnableWideBusOperation                0x080041d5   Thumb Code   106  stm324xg_eval_sdio_sd.o(i.SD_EnableWideBusOperation)
    SD_GetCardInfo                           0x08004249   Thumb Code   596  stm324xg_eval_sdio_sd.o(i.SD_GetCardInfo)
    SD_GetState                              0x080044a5   Thumb Code    34  stm324xg_eval_sdio_sd.o(i.SD_GetState)
    SD_GetStatus                             0x080044c7   Thumb Code    26  stm324xg_eval_sdio_sd.o(i.SD_GetStatus)
    SD_Init                                  0x080044e1   Thumb Code    86  stm324xg_eval_sdio_sd.o(i.SD_Init)
    SD_InitializeCards                       0x0800453d   Thumb Code   246  stm324xg_eval_sdio_sd.o(i.SD_InitializeCards)
    SD_LowLevel_DMA_RxConfig                 0x0800463d   Thumb Code   126  stm324xg_eval.o(i.SD_LowLevel_DMA_RxConfig)
    SD_LowLevel_DMA_TxConfig                 0x080046c5   Thumb Code   128  stm324xg_eval.o(i.SD_LowLevel_DMA_TxConfig)
    SD_LowLevel_Init                         0x0800474d   Thumb Code   180  stm324xg_eval.o(i.SD_LowLevel_Init)
    SD_NVIC_Configuration                    0x0800480d   Thumb Code    56  stm324xg_eval.o(i.SD_NVIC_Configuration)
    SD_PowerON                               0x08004845   Thumb Code   434  stm324xg_eval_sdio_sd.o(i.SD_PowerON)
    SD_ProcessDMAIRQ                         0x08004a09   Thumb Code    30  stm324xg_eval_sdio_sd.o(i.SD_ProcessDMAIRQ)
    SD_ProcessIRQSrc                         0x08004a31   Thumb Code   140  stm324xg_eval_sdio_sd.o(i.SD_ProcessIRQSrc)
    SD_ReadMultiBlocks                       0x08004ac1   Thumb Code   176  stm324xg_eval_sdio_sd.o(i.SD_ReadMultiBlocks)
    SD_SelectDeselect                        0x08004b7d   Thumb Code    40  stm324xg_eval_sdio_sd.o(i.SD_SelectDeselect)
    SD_SendStatus                            0x08004ba9   Thumb Code    64  stm324xg_eval_sdio_sd.o(i.SD_SendStatus)
    SD_StopTransfer                          0x08004bf1   Thumb Code    36  stm324xg_eval_sdio_sd.o(i.SD_StopTransfer)
    SD_WaitReadOperation                     0x08004c19   Thumb Code   100  stm324xg_eval_sdio_sd.o(i.SD_WaitReadOperation)
    SD_WaitWriteOperation                    0x08004c85   Thumb Code   100  stm324xg_eval_sdio_sd.o(i.SD_WaitWriteOperation)
    SD_WriteMultiBlocks                      0x08004cf1   Thumb Code   268  stm324xg_eval_sdio_sd.o(i.SD_WriteMultiBlocks)
    SPI_Cmd                                  0x08004e09   Thumb Code    20  stm32f4xx_spi.o(i.SPI_Cmd)
    SPI_I2S_DeInit                           0x08004e1d   Thumb Code    72  stm32f4xx_spi.o(i.SPI_I2S_DeInit)
    SPI_I2S_GetFlagStatus                    0x08004e71   Thumb Code    14  stm32f4xx_spi.o(i.SPI_I2S_GetFlagStatus)
    SPI_I2S_ReceiveData                      0x08004e7f   Thumb Code     4  stm32f4xx_spi.o(i.SPI_I2S_ReceiveData)
    SPI_I2S_SendData                         0x08004e83   Thumb Code     4  stm32f4xx_spi.o(i.SPI_I2S_SendData)
    SPI_Init                                 0x08004e87   Thumb Code    56  stm32f4xx_spi.o(i.SPI_Init)
    SVC_Handler                              0x08004ebf   Thumb Code     2  stm32f4xx_it.o(i.SVC_Handler)
    SYSCFG_EXTILineConfig                    0x08004ec1   Thumb Code    34  stm32f4xx_syscfg.o(i.SYSCFG_EXTILineConfig)
    SaveCalibrate                            0x08004ee9   Thumb Code   382  touchpanel.o(i.SaveCalibrate)
    SetFont                                  0x0800508d   Thumb Code    10  asciilib.o(i.SetFont)
    SysTick_Handler                          0x08005139   Thumb Code    48  stm32f4xx_it.o(i.SysTick_Handler)
    SystemInit                               0x08005171   Thumb Code    62  system_stm32f4xx.o(i.SystemInit)
    TP_DrawPoint                             0x080051c1   Thumb Code    50  touchpanel.o(i.TP_DrawPoint)
    TP_GetAdXY                               0x080051f3   Thumb Code    28  touchpanel.o(i.TP_GetAdXY)
    TP_Init                                  0x08005211   Thumb Code   290  touchpanel.o(i.TP_Init)
    TP_SwitchOff                             0x08005341   Thumb Code    42  touchpanel.o(i.TP_SwitchOff)
    TouchPanel_Calibrate                     0x08005371   Thumb Code   144  touchpanel.o(i.TouchPanel_Calibrate)
    UsageFault_Handler                       0x08005429   Thumb Code     2  stm32f4xx_it.o(i.UsageFault_Handler)
    UserControls_Button_Add                  0x0800542d   Thumb Code   124  usercontrols_button.o(i.UserControls_Button_Add)
    UserControls_Button_AddWithSize          0x080054d5   Thumb Code    94  usercontrols_button.o(i.UserControls_Button_AddWithSize)
    UserControls_Button_Clear                0x08005561   Thumb Code     8  usercontrols_button.o(i.UserControls_Button_Clear)
    UserControls_Button_Draw                 0x0800556d   Thumb Code   186  usercontrols_button.o(i.UserControls_Button_Draw)
    UserControls_Button_DrawSTDsize          0x08005627   Thumb Code   128  usercontrols_button.o(i.UserControls_Button_DrawSTDsize)
    UserControls_Button_GetControl           0x080056a9   Thumb Code    66  usercontrols_button.o(i.UserControls_Button_GetControl)
    UserControls_Button_GetLastControl       0x08005735   Thumb Code    24  usercontrols_button.o(i.UserControls_Button_GetLastControl)
    UserControls_Button_Handle               0x08005765   Thumb Code   202  usercontrols_button.o(i.UserControls_Button_Handle)
    UserControls_Button_RedrawAll            0x08005839   Thumb Code    54  usercontrols_button.o(i.UserControls_Button_RedrawAll)
    UserControls_Button_RedrawControls       0x08005879   Thumb Code    38  usercontrols_button.o(i.UserControls_Button_RedrawControls)
    UserControls_Button_SizeOffset           0x080058a5   Thumb Code    24  usercontrols_button.o(i.UserControls_Button_SizeOffset)
    UserControls_CheckBox_Add                0x080058c1   Thumb Code    70  usercontrols_checkbox.o(i.UserControls_CheckBox_Add)
    UserControls_CheckBox_Clear              0x08005935   Thumb Code     8  usercontrols_checkbox.o(i.UserControls_CheckBox_Clear)
    UserControls_CheckBox_Draw               0x08005941   Thumb Code    64  usercontrols_checkbox.o(i.UserControls_CheckBox_Draw)
    UserControls_CheckBox_Get                0x08005989   Thumb Code    14  usercontrols_checkbox.o(i.UserControls_CheckBox_Get)
    UserControls_CheckBox_Handle             0x0800599d   Thumb Code   176  usercontrols_checkbox.o(i.UserControls_CheckBox_Handle)
    UserControls_ListBox_Active              0x08005a55   Thumb Code     6  usercontrols_listbox.o(i.UserControls_ListBox_Active)
    UserControls_ListBox_Add                 0x08005a61   Thumb Code    80  usercontrols_listbox.o(i.UserControls_ListBox_Add)
    UserControls_ListBox_Clear               0x08005add   Thumb Code    36  usercontrols_listbox.o(i.UserControls_ListBox_Clear)
    UserControls_ListBox_Draw                0x08005b09   Thumb Code    78  usercontrols_listbox.o(i.UserControls_ListBox_Draw)
    UserControls_ListBox_GetText             0x08005b5d   Thumb Code    44  usercontrols_listbox.o(i.UserControls_ListBox_GetText)
    UserControls_ListBox_Handle              0x08005b8d   Thumb Code   656  usercontrols_listbox.o(i.UserControls_ListBox_Handle)
    UserControls_ListBox_Item_Draw           0x08005e25   Thumb Code   216  usercontrols_listbox.o(i.UserControls_ListBox_Item_Draw)
    UserControls_ListBox_Items_Add           0x08005f01   Thumb Code    96  usercontrols_listbox.o(i.UserControls_ListBox_Items_Add)
    UserControls_ListBox_NextPage            0x08005f89   Thumb Code    42  usercontrols_listbox.o(i.UserControls_ListBox_NextPage)
    UserControls_ListBox_PageCount           0x08005fb9   Thumb Code    30  usercontrols_listbox.o(i.UserControls_ListBox_PageCount)
    UserControls_ListBox_PageItems           0x08005fdd   Thumb Code    36  usercontrols_listbox.o(i.UserControls_ListBox_PageItems)
    UserControls_ListBox_PrevPage            0x08006005   Thumb Code    26  usercontrols_listbox.o(i.UserControls_ListBox_PrevPage)
    UserControls_RadioButton_Add             0x08006025   Thumb Code    88  usercontrols_radiobutton.o(i.UserControls_RadioButton_Add)
    UserControls_RadioButton_Clear           0x080060e5   Thumb Code     8  usercontrols_radiobutton.o(i.UserControls_RadioButton_Clear)
    UserControls_RadioButton_Draw            0x080060f1   Thumb Code    54  usercontrols_radiobutton.o(i.UserControls_RadioButton_Draw)
    UserControls_RadioButton_GetDigitFromIndex 0x08006131   Thumb Code    30  usercontrols_radiobutton.o(i.UserControls_RadioButton_GetDigitFromIndex)
    UserControls_RadioButton_GetTextFromIndex 0x08006159   Thumb Code    26  usercontrols_radiobutton.o(i.UserControls_RadioButton_GetTextFromIndex)
    UserControls_RadioButton_Handle          0x0800617d   Thumb Code    46  usercontrols_radiobutton.o(i.UserControls_RadioButton_Handle)
    UserControls_RadioButton_Set             0x080061b5   Thumb Code    22  usercontrols_radiobutton.o(i.UserControls_RadioButton_Set)
    UserControls_ValueRegulator_Add          0x08006211   Thumb Code    86  usercontrols_valueregulator.o(i.UserControls_ValueRegulator_Add)
    UserControls_ValueRegulator_Clear        0x0800629d   Thumb Code     8  usercontrols_valueregulator.o(i.UserControls_ValueRegulator_Clear)
    UserControls_ValueRegulator_Draw         0x080062a9   Thumb Code   196  usercontrols_valueregulator.o(i.UserControls_ValueRegulator_Draw)
    UserControls_ValueRegulator_Handle       0x08006389   Thumb Code   328  usercontrols_valueregulator.o(i.UserControls_ValueRegulator_Handle)
    _PWR_InitDownButton                      0x0800680d   Thumb Code    98  pwr.o(i._PWR_InitDownButton)
    _PWR_InitUpButton                        0x08006875   Thumb Code    94  pwr.o(i._PWR_InitUpButton)
    __0sprintf$6                             0x080068d9   Thumb Code    34  printf6.o(i.__0sprintf$6)
    __1sprintf$6                             0x080068d9   Thumb Code     0  printf6.o(i.__0sprintf$6)
    __2sprintf                               0x080068d9   Thumb Code     0  printf6.o(i.__0sprintf$6)
    __aeabi_errno_addr                       0x08006901   Thumb Code     4  errno.o(i.__aeabi_errno_addr)
    __rt_errno_addr                          0x08006901   Thumb Code     0  errno.o(i.__aeabi_errno_addr)
    __read_errno                             0x08006909   Thumb Code     6  errno.o(i.__read_errno)
    __scatterload_copy                       0x08006915   Thumb Code    14  handlers.o(i.__scatterload_copy)
    __scatterload_null                       0x08006923   Thumb Code     2  handlers.o(i.__scatterload_null)
    __scatterload_zeroinit                   0x08006925   Thumb Code    14  handlers.o(i.__scatterload_zeroinit)
    __set_errno                              0x08006935   Thumb Code     6  errno.o(i.__set_errno)
    _is_digit                                0x080069e1   Thumb Code    14  scanf_fp.o(i._is_digit)
    atof                                     0x08006df3   Thumb Code    42  atof.o(i.atof)
    clust2sect                               0x080070b9   Thumb Code    24  ff.o(i.clust2sect)
    disk_initialize                          0x08007935   Thumb Code    18  diskio.o(i.disk_initialize)
    disk_ioctl                               0x08007947   Thumb Code    34  diskio.o(i.disk_ioctl)
    disk_read                                0x08007969   Thumb Code    38  diskio.o(i.disk_read)
    disk_status                              0x0800798f   Thumb Code     8  diskio.o(i.disk_status)
    disk_write                               0x08007997   Thumb Code    38  diskio.o(i.disk_write)
    f_chmod                                  0x080079bd   Thumb Code    80  ff.o(i.f_chmod)
    f_close                                  0x08007a0d   Thumb Code    18  ff.o(i.f_close)
    f_getfree                                0x08007a1f   Thumb Code   194  ff.o(i.f_getfree)
    f_gets                                   0x08007ae1   Thumb Code    72  ff.o(i.f_gets)
    f_lseek                                  0x08007b29   Thumb Code   326  ff.o(i.f_lseek)
    f_mkdir                                  0x08007c6f   Thumb Code   354  ff.o(i.f_mkdir)
    f_mkfs                                   0x08007dd1   Thumb Code  1312  ff.o(i.f_mkfs)
    f_mount                                  0x080082f1   Thumb Code    26  ff.o(i.f_mount)
    f_open                                   0x08008311   Thumb Code   314  ff.o(i.f_open)
    f_opendir                                0x0800844b   Thumb Code    96  ff.o(i.f_opendir)
    f_printf                                 0x080084ab   Thumb Code   500  ff.o(i.f_printf)
    f_putc                                   0x0800869f   Thumb Code    44  ff.o(i.f_putc)
    f_puts                                   0x080086cb   Thumb Code    40  ff.o(i.f_puts)
    f_read                                   0x080086f3   Thumb Code   354  ff.o(i.f_read)
    f_readdir                                0x08008855   Thumb Code    86  ff.o(i.f_readdir)
    f_rename                                 0x080088ab   Thumb Code   254  ff.o(i.f_rename)
    f_stat                                   0x080089a9   Thumb Code    62  ff.o(i.f_stat)
    f_sync                                   0x080089e7   Thumb Code   152  ff.o(i.f_sync)
    f_truncate                               0x08008a7f   Thumb Code   140  ff.o(i.f_truncate)
    f_unlink                                 0x08008b0b   Thumb Code   166  ff.o(i.f_unlink)
    f_utime                                  0x08008bb1   Thumb Code    84  ff.o(i.f_utime)
    f_write                                  0x08008c05   Thumb Code   418  ff.o(i.f_write)
    ff_convert                               0x08008da9   Thumb Code    50  ccsbcs.o(i.ff_convert)
    ff_wtoupper                              0x08008de1   Thumb Code    28  ccsbcs.o(i.ff_wtoupper)
    gen_numname                              0x08008e6d   Thumb Code   108  ff.o(i.gen_numname)
    getDisplayPoint                          0x08008ed9   Thumb Code   176  touchpanel.o(i.getDisplayPoint)
    get_fat                                  0x08008f89   Thumb Code   228  ff.o(i.get_fat)
    get_fattime                              0x0800906d   Thumb Code     4  fattime.o(i.get_fattime)
    main                                     0x08009155   Thumb Code    66  main.o(i.main)
    put_fat                                  0x080091ed   Thumb Code   294  ff.o(i.put_fat)
    scan_files                               0x08009375   Thumb Code   130  sduser.o(i.scan_files)
    scan_programs                            0x08009401   Thumb Code    18  sduser.o(i.scan_programs)
    setCalibrationMatrix                     0x08009419   Thumb Code   330  touchpanel.o(i.setCalibrationMatrix)
    Font8x15_Width                           0x080096bc   Data         160  asciilib.o(.constdata)
    Font8x15                                 0x0800975c   Data        2400  asciilib.o(.constdata)
    Font5x8                                  0x0800a0bc   Data         800  asciilib.o(.constdata)
    Radio1                                   0x0800a9ac   Data         676  usercontrols_radiobutton.o(.constdata)
    Radio2                                   0x0800ac50   Data         676  usercontrols_radiobutton.o(.constdata)
    __ctype_table                            0x0800af26   Data         129  ctype_o.o(.constdata)
    Region$$Table$$Base                      0x0800afac   Number         0  anon$$obj.o(Region$$Table)
    Region$$Table$$Limit                     0x0800afcc   Number         0  anon$$obj.o(Region$$Table)
    time_counter                             0x20000000   Data           4  stm32f4xx_it.o(.data)
    SystemCoreClock                          0x20000004   Data           4  system_stm32f4xx.o(.data)
    AHBPrescTable                            0x20000008   Data          16  system_stm32f4xx.o(.data)
    TransferError                            0x20000024   Data           1  stm324xg_eval_sdio_sd.o(.data)
    StopCondition                            0x20000030   Data           4  stm324xg_eval_sdio_sd.o(.data)
    TransferEnd                              0x20000034   Data           4  stm324xg_eval_sdio_sd.o(.data)
    DMAEndOfTransfer                         0x20000038   Data           4  stm324xg_eval_sdio_sd.o(.data)
    res                                      0x20000044   Data           1  sduser.o(.data)
    px                                       0x2000004a   Data           2  usercontrols_listbox.o(.data)
    py                                       0x2000004c   Data           2  usercontrols_listbox.o(.data)
    ux                                       0x2000004e   Data           2  usercontrols_listbox.o(.data)
    uy                                       0x20000050   Data           2  usercontrols_listbox.o(.data)
    StartSector                              0x20000070   Data           4  flash.o(.data)
    EndSector                                0x20000074   Data           4  flash.o(.data)
    i                                        0x20000078   Data           4  flash.o(.data)
    DisplaySample                            0x20000084   Data          12  touchpanel.o(.data)
    display                                  0x20000090   Data           4  touchpanel.o(.data)
    _selectForm                              0x20000094   Data           1  formmanager.o(.data)
    TIME_h                                   0x20000098   Data           4  formmanager.o(.data)
    TIME_m                                   0x2000009c   Data           4  formmanager.o(.data)
    TIME_s                                   0x200000a0   Data           4  formmanager.o(.data)
    AsynchPrediv                             0x200000a4   Data           4  rtc_time.o(.data)
    SynchPrediv                              0x200000a8   Data           4  rtc_time.o(.data)
    RTC_TimeStructure                        0x200000ac   Data           4  rtc_time.o(.data)
    SDCardInfo                               0x200000e8   Data          88  stm324xg_eval_sdio_sd.o(.bss)
    SDIO_InitStructure                       0x20000140   Data          24  stm324xg_eval_sdio_sd.o(.bss)
    SDIO_CmdInitStructure                    0x20000158   Data          20  stm324xg_eval_sdio_sd.o(.bss)
    SDIO_DataInitStructure                   0x2000016c   Data          24  stm324xg_eval_sdio_sd.o(.bss)
    fs                                       0x200001a0   Data        1076  sduser.o(.bss)
    fsrc                                     0x200005d4   Data        1060  sduser.o(.bss)
    matrix                                   0x20002310   Data          56  touchpanel.o(.bss)
    ScreenSample                             0x20002348   Data          12  touchpanel.o(.bss)
    RTC_InitStructure                        0x20002354   Data          12  rtc_time.o(.bss)
    __initial_sp                             0x20002760   Data           0  startup_stm32f4xx.o(STACK)



==============================================================================

Memory Map of the image

  Image Entry point : 0x08000189

  Load Region LR_IROM1 (Base: 0x08000000, Size: 0x0000b080, Max: 0x0000aff0, ABSOLUTE)

    Execution Region ER_IROM1 (Base: 0x08000000, Size: 0x0000afcc, Max: 0x0000aff0, ABSOLUTE)

    Base Addr    Size         Type   Attr      Idx    E Section Name        Object

    0x08000000   0x00000188   Data   RO         2604    RESET               startup_stm32f4xx.o
    0x08000188   0x00000000   Code   RO         4375  * .ARM.Collect$$$$00000000  mc_w.l(entry.o)
    0x08000188   0x00000004   Code   RO         4671    .ARM.Collect$$$$00000001  mc_w.l(entry2.o)
    0x0800018c   0x00000004   Code   RO         4674    .ARM.Collect$$$$00000004  mc_w.l(entry5.o)
    0x08000190   0x00000000   Code   RO         4676    .ARM.Collect$$$$00000008  mc_w.l(entry7b.o)
    0x08000190   0x00000008   Code   RO         4677    .ARM.Collect$$$$00000009  mc_w.l(entry8.o)
    0x08000198   0x00000004   Code   RO         4672    .ARM.Collect$$$$00002712  mc_w.l(entry2.o)
    0x0800019c   0x00000024   Code   RO         2605    .text               startup_stm32f4xx.o
    0x080001c0   0x00000024   Code   RO         4378    .text               mc_w.l(memcpya.o)
    0x080001e4   0x00000024   Code   RO         4380    .text               mc_w.l(memseta.o)
    0x08000208   0x0000001c   Code   RO         4382    .text               mc_w.l(strcat.o)
    0x08000224   0x00000010   Code   RO         4384    .text               mc_w.l(strlen.o)
    0x08000234   0x0000001c   Code   RO         4386    .text               mc_w.l(strcmp.o)
    0x08000250   0x00000012   Code   RO         4388    .text               mc_w.l(strcpy.o)
    0x08000262   0x0000001a   Code   RO         4653    .text               mc_w.l(atoi.o)
    0x0800027c   0x0000014e   Code   RO         4655    .text               mf_w.l(dadd.o)
    0x080003ca   0x000000e4   Code   RO         4657    .text               mf_w.l(dmul.o)
    0x080004ae   0x000000de   Code   RO         4659    .text               mf_w.l(ddiv.o)
    0x0800058c   0x00000022   Code   RO         4661    .text               mf_w.l(dflti.o)
    0x080005ae   0x0000001a   Code   RO         4663    .text               mf_w.l(dfltui.o)
    0x080005c8   0x0000003e   Code   RO         4665    .text               mf_w.l(dfixi.o)
    0x08000606   0x00000032   Code   RO         4667    .text               mf_w.l(dfixui.o)
    0x08000638   0x00000028   Code   RO         4669    .text               mf_w.l(cdcmple.o)
    0x08000660   0x0000002c   Code   RO         4681    .text               mc_w.l(uidiv.o)
    0x0800068c   0x0000001e   Code   RO         4685    .text               mc_w.l(llshl.o)
    0x080006aa   0x00000020   Code   RO         4687    .text               mc_w.l(llushr.o)
    0x080006ca   0x00000024   Code   RO         4689    .text               mc_w.l(llsshr.o)
    0x080006ee   0x00000002   PAD
    0x080006f0   0x0000009c   Code   RO         4698    .text               mc_w.l(strtod.o)
    0x0800078c   0x00000070   Code   RO         4700    .text               mc_w.l(strtol.o)
    0x080007fc   0x00000000   Code   RO         4702    .text               mc_w.l(iusefp.o)
    0x080007fc   0x000000be   Code   RO         4703    .text               mf_w.l(depilogue.o)
    0x080008ba   0x00000002   PAD
    0x080008bc   0x00000024   Code   RO         4709    .text               mc_w.l(init.o)
    0x080008e0   0x00000008   Code   RO         4714    .text               mc_w.l(ctype_o.o)
    0x080008e8   0x00000012   Code   RO         4736    .text               mc_w.l(isspace_o.o)
    0x080008fa   0x00000002   PAD
    0x080008fc   0x0000033c   Code   RO         4742    .text               mc_w.l(scanf_fp.o)
    0x08000c38   0x00000040   Code   RO         4746    .text               mc_w.l(_sgetc.o)
    0x08000c78   0x0000009e   Code   RO         4748    .text               mc_w.l(_strtoul.o)
    0x08000d16   0x0000001c   Code   RO         4754    .text               mc_w.l(_chval.o)
    0x08000d32   0x00000018   Code   RO         4756    .text               mf_w.l(dfltul.o)
    0x08000d4a   0x00000038   Code   RO         4758    .text               mf_w.l(d2f.o)
    0x08000d82   0x0000006c   Code   RO         4760    .text               mf_w.l(fepilogue.o)
    0x08000dee   0x00000002   Code   RO          210    i.BusFault_Handler  stm32f4xx_it.o
    0x08000df0   0x00000024   Code   RO         4333    i.Clock_GetTime     rtc_time.o
    0x08000e14   0x000000ec   Code   RO         3033    i.CmdResp1Error     stm324xg_eval_sdio_sd.o
    0x08000f00   0x00000038   Code   RO         3034    i.CmdResp2Error     stm324xg_eval_sdio_sd.o
    0x08000f38   0x00000074   Code   RO         3035    i.CmdResp6Error     stm324xg_eval_sdio_sd.o
    0x08000fac   0x00000004   Code   RO          211    i.DMA2_Stream3_IRQHandler  stm32f4xx_it.o
    0x08000fb0   0x0000002c   Code   RO         1480    i.DMA_ClearFlag     stm32f4xx_dma.o
    0x08000fdc   0x00000014   Code   RO         1482    i.DMA_Cmd           stm32f4xx_dma.o
    0x08000ff0   0x00000124   Code   RO         1483    i.DMA_DeInit        stm32f4xx_dma.o
    0x08001114   0x00000014   Code   RO         1486    i.DMA_FlowControllerConfig  stm32f4xx_dma.o
    0x08001128   0x0000002c   Code   RO         1493    i.DMA_ITConfig      stm32f4xx_dma.o
    0x08001154   0x00000054   Code   RO         1494    i.DMA_Init          stm32f4xx_dma.o
    0x080011a8   0x00000002   Code   RO          212    i.DebugMon_Handler  stm32f4xx_it.o
    0x080011aa   0x0000001a   Code   RO         4074    i.DelayUS           touchpanel.o
    0x080011c4   0x00000174   Code   RO         4220    i.DrawClock         formmanager.o
    0x08001338   0x00000100   Code   RO         4075    i.DrawCross         touchpanel.o
    0x08001438   0x00000018   Code   RO          213    i.EXTI0_IRQHandler  stm32f4xx_it.o
    0x08001450   0x00000018   Code   RO          214    i.EXTI4_IRQHandler  stm32f4xx_it.o
    0x08001468   0x0000000c   Code   RO          907    i.EXTI_ClearITPendingBit  stm32f4xx_exti.o
    0x08001474   0x00000020   Code   RO          911    i.EXTI_GetITStatus  stm32f4xx_exti.o
    0x08001494   0x00000070   Code   RO          912    i.EXTI_Init         stm32f4xx_exti.o
    0x08001504   0x0000000c   Code   RO          967    i.FLASH_ClearFlag   stm32f4xx_flash.o
    0x08001510   0x0000006c   Code   RO          971    i.FLASH_EraseSector  stm32f4xx_flash.o
    0x0800157c   0x00000034   Code   RO          973    i.FLASH_GetStatus   stm32f4xx_flash.o
    0x080015b0   0x00000010   Code   RO          977    i.FLASH_Lock        stm32f4xx_flash.o
    0x080015c0   0x0000003c   Code   RO          993    i.FLASH_ProgramWord  stm32f4xx_flash.o
    0x080015fc   0x00000024   Code   RO          995    i.FLASH_Unlock      stm32f4xx_flash.o
    0x08001620   0x0000000e   Code   RO          996    i.FLASH_WaitForLastOperation  stm32f4xx_flash.o
    0x0800162e   0x00000002   PAD
    0x08001630   0x00000020   Code   RO         1171    i.FSMC_NORSRAMCmd   stm32f4xx_fsmc.o
    0x08001650   0x000000c0   Code   RO         1173    i.FSMC_NORSRAMInit  stm32f4xx_fsmc.o
    0x08001710   0x00000134   Code   RO         3036    i.FindSCR           stm324xg_eval_sdio_sd.o
    0x08001844   0x00000888   Code   RO         4046    i.FlashFirmware     flash.o
    0x080020cc   0x00000120   Code   RO         4221    i.Form_Handle       formmanager.o
    0x080021ec   0x00000018   Code   RO         4222    i.Form_Show         formmanager.o
    0x08002204   0x000000a2   Code   RO          764    i.GPIO_Init         stm32f4xx_gpio.o
    0x080022a6   0x00000020   Code   RO          765    i.GPIO_PinAFConfig  stm32f4xx_gpio.o
    0x080022c6   0x0000000e   Code   RO          768    i.GPIO_ReadInputDataBit  stm32f4xx_gpio.o
    0x080022d4   0x00000004   Code   RO          771    i.GPIO_ResetBits    stm32f4xx_gpio.o
    0x080022d8   0x00000004   Code   RO          772    i.GPIO_SetBits      stm32f4xx_gpio.o
    0x080022dc   0x000000b0   Code   RO         2861    i.GUI_Circle        lcd.o
    0x0800238c   0x00000046   Code   RO         2862    i.GUI_DrawImage     lcd.o
    0x080023d2   0x0000004e   Code   RO         2863    i.GUI_DrawImageWithReplace  lcd.o
    0x08002420   0x000000c0   Code   RO         2864    i.GUI_DrawImageWithReplace_SD  lcd.o
    0x080024e0   0x000000b4   Code   RO         2865    i.GUI_DrawImage_SD  lcd.o
    0x08002594   0x00000028   Code   RO         2866    i.GUI_DrawInvertImage  lcd.o
    0x080025bc   0x00000028   Code   RO         2867    i.GUI_DrawInvertImage_SD  lcd.o
    0x080025e4   0x00000002   Code   RO         2868    i.GUI_FillCircle    lcd.o
    0x080025e6   0x000000dc   Code   RO         2869    i.GUI_FillRectEllipce  lcd.o
    0x080026c2   0x000000e2   Code   RO         2870    i.GUI_Line          lcd.o
    0x080027a4   0x000000d8   Code   RO         2871    i.GUI_PutChar       lcd.o
    0x0800287c   0x0000005c   Code   RO         2872    i.GUI_Rect          lcd.o
    0x080028d8   0x00000120   Code   RO         2873    i.GUI_RectEllipce   lcd.o
    0x080029f8   0x0000003c   Code   RO         2874    i.GUI_SmartClear    lcd.o
    0x08002a34   0x00000066   Code   RO         2875    i.GUI_Text          lcd.o
    0x08002a9a   0x00000002   PAD
    0x08002a9c   0x0000003c   Code   RO         2610    i.GetASCIICode      asciilib.o
    0x08002ad8   0x00000018   Code   RO         2611    i.GetCharHeight     asciilib.o
    0x08002af0   0x00000038   Code   RO         2612    i.GetCharSize       asciilib.o
    0x08002b28   0x00000030   Code   RO         2613    i.GetCharWidth      asciilib.o
    0x08002b58   0x0000000c   Code   RO         2614    i.GetFont           asciilib.o
    0x08002b64   0x000000bc   Code   RO         4047    i.GetSector         flash.o
    0x08002c20   0x0000001c   Code   RO         2615    i.GetWidth          asciilib.o
    0x08002c3c   0x0000000c   Code   RO         4223    i.Get_Select_Form   formmanager.o
    0x08002c48   0x00000002   Code   RO          215    i.HardFault_Handler  stm32f4xx_it.o
    0x08002c4a   0x00000002   PAD
    0x08002c4c   0x00000098   Code   RO         2666    i.LCD_CS_Init       ili9481.o
    0x08002ce4   0x0000003c   Code   RO         2667    i.LCD_Clear         ili9481.o
    0x08002d20   0x0000011c   Code   RO         2668    i.LCD_CtrlLinesConfig  ili9481.o
    0x08002e3c   0x0000000a   Code   RO         2669    i.LCD_Enter_Invert_Mode  ili9481.o
    0x08002e46   0x0000000a   Code   RO         2670    i.LCD_Enter_Normal_Mode  ili9481.o
    0x08002e50   0x0000000a   Code   RO         2671    i.LCD_Enter_Sleep_Mode  ili9481.o
    0x08002e5a   0x0000000a   Code   RO         2672    i.LCD_Exit_Invert_Mode  ili9481.o
    0x08002e64   0x0000000a   Code   RO         2673    i.LCD_Exit_Sleep_Mode  ili9481.o
    0x08002e6e   0x0000004c   Code   RO         2674    i.LCD_FSMCConfig    ili9481.o
    0x08002eba   0x00000002   PAD
    0x08002ebc   0x000000a8   Code   RO         2675    i.LCD_FillRect      ili9481.o
    0x08002f64   0x00000054   Code   RO         2676    i.LCD_GetPoint      ili9481.o
    0x08002fb8   0x00000058   Code   RO         2677    i.LCD_HardwareScroll  ili9481.o
    0x08003010   0x0000000c   Code   RO         2678    i.LCD_HardwareScroll_Position  ili9481.o
    0x0800301c   0x00000038   Code   RO         2679    i.LCD_HardwareScroll_Position_Reset  ili9481.o
    0x08003054   0x0000000c   Code   RO         2680    i.LCD_Hardware_InvertMode_Off  ili9481.o
    0x08003060   0x0000000c   Code   RO         2681    i.LCD_Hardware_InvertMode_On  ili9481.o
    0x0800306c   0x00000134   Code   RO         2682    i.LCD_Initialization  ili9481.o
    0x080031a0   0x00000010   Code   RO         2683    i.LCD_Led_Off       ili9481.o
    0x080031b0   0x00000010   Code   RO         2684    i.LCD_Led_On        ili9481.o
    0x080031c0   0x0000000a   Code   RO         2685    i.LCD_OFF           ili9481.o
    0x080031ca   0x0000000a   Code   RO         2686    i.LCD_ON            ili9481.o
    0x080031d4   0x0000000c   Code   RO         2687    i.LCD_ReadData      ili9481.o
    0x080031e0   0x00000010   Code   RO         2688    i.LCD_ReadReg       ili9481.o
    0x080031f0   0x00000028   Code   RO         2689    i.LCD_SetCursor     ili9481.o
    0x08003218   0x00000050   Code   RO         2690    i.LCD_SetPoint      ili9481.o
    0x08003268   0x0000000c   Code   RO         2691    i.LCD_WriteData     ili9481.o
    0x08003274   0x00000008   Code   RO         2692    i.LCD_WriteIndex    ili9481.o
    0x0800327c   0x00000010   Code   RO         2693    i.LCD_WriteReg      ili9481.o
    0x0800328c   0x0000001c   Code   RO         2694    i.LCD_delay         ili9481.o
    0x080032a8   0x000001a0   Code   RO         4076    i.LoadCalibrate     touchpanel.o
    0x08003448   0x00000002   Code   RO          216    i.MemManage_Handler  stm32f4xx_it.o
    0x0800344a   0x00000002   PAD
    0x0800344c   0x0000000c   Code   RO         3879    i.MessageBox_GetResult  usercontrols_messagebox.o
    0x08003458   0x0000000c   Code   RO         3880    i.MessageBox_GetVisible  usercontrols_messagebox.o
    0x08003464   0x00000108   Code   RO         3881    i.MessageBox_Handle  usercontrols_messagebox.o
    0x0800356c   0x00000028   Code   RO         3882    i.MessageBox_Hide   usercontrols_messagebox.o
    0x08003594   0x0000000c   Code   RO         3883    i.MessageBox_ResetResult  usercontrols_messagebox.o
    0x080035a0   0x00000028   Code   RO         3884    i.MessageBox_Show   usercontrols_messagebox.o
    0x080035c8   0x000001d0   Code   RO         3885    i.MessageBox_Show_Procedure  usercontrols_messagebox.o
    0x08003798   0x00000002   Code   RO          217    i.NMI_Handler       stm32f4xx_it.o
    0x0800379a   0x00000002   PAD
    0x0800379c   0x00000064   Code   RO          717    i.NVIC_Init         misc.o
    0x08003800   0x00000014   Code   RO          718    i.NVIC_PriorityGroupConfig  misc.o
    0x08003814   0x00000014   Code   RO          719    i.NVIC_SetVectorTable  misc.o
    0x08003828   0x0000000c   Code   RO         2521    i.PWR_BackupAccessCmd  stm32f4xx_pwr.o
    0x08003834   0x0000001c   Code   RO         4293    i.PWR_CheckStartupCalibrate  pwr.o
    0x08003850   0x00000010   Code   RO         2523    i.PWR_ClearFlag     stm32f4xx_pwr.o
    0x08003860   0x00000028   Code   RO         2525    i.PWR_EnterSTANDBYMode  stm32f4xx_pwr.o
    0x08003888   0x00000014   Code   RO         2528    i.PWR_GetFlagStatus  stm32f4xx_pwr.o
    0x0800389c   0x00000014   Code   RO         4294    i.PWR_GoToSleep     pwr.o
    0x080038b0   0x00000048   Code   RO         4295    i.PWR_InitButtons   pwr.o
    0x080038f8   0x0000000c   Code   RO         2532    i.PWR_WakeUpPinCmd  stm32f4xx_pwr.o
    0x08003904   0x00000002   Code   RO          218    i.PendSV_Handler    stm32f4xx_it.o
    0x08003906   0x00000002   PAD
    0x08003908   0x00000018   Code   RO          363    i.RCC_AHB1PeriphClockCmd  stm32f4xx_rcc.o
    0x08003920   0x00000018   Code   RO          369    i.RCC_AHB3PeriphClockCmd  stm32f4xx_rcc.o
    0x08003938   0x00000018   Code   RO          372    i.RCC_APB1PeriphClockCmd  stm32f4xx_rcc.o
    0x08003950   0x00000018   Code   RO          374    i.RCC_APB1PeriphResetCmd  stm32f4xx_rcc.o
    0x08003968   0x00000018   Code   RO          375    i.RCC_APB2PeriphClockCmd  stm32f4xx_rcc.o
    0x08003980   0x00000018   Code   RO          377    i.RCC_APB2PeriphResetCmd  stm32f4xx_rcc.o
    0x08003998   0x0000000c   Code   RO          379    i.RCC_BackupResetCmd  stm32f4xx_rcc.o
    0x080039a4   0x00000034   Code   RO          385    i.RCC_GetFlagStatus  stm32f4xx_rcc.o
    0x080039d8   0x0000001c   Code   RO          393    i.RCC_LSEConfig     stm32f4xx_rcc.o
    0x080039f4   0x0000000c   Code   RO          403    i.RCC_RTCCLKCmd     stm32f4xx_rcc.o
    0x08003a00   0x00000030   Code   RO          404    i.RCC_RTCCLKConfig  stm32f4xx_rcc.o
    0x08003a30   0x0000006c   Code   RO         4077    i.RD_AD             touchpanel.o
    0x08003a9c   0x00000012   Code   RO         2171    i.RTC_Bcd2ToByte    stm32f4xx_rtc.o
    0x08003aae   0x00000018   Code   RO         2173    i.RTC_ByteToBcd2    stm32f4xx_rtc.o
    0x08003ac6   0x00000002   PAD
    0x08003ac8   0x0000001c   Code   RO         2176    i.RTC_ClearFlag     stm32f4xx_rtc.o
    0x08003ae4   0x00000044   Code   RO         4334    i.RTC_Config        rtc_time.o
    0x08003b28   0x00000034   Code   RO         2183    i.RTC_EnterInitMode  stm32f4xx_rtc.o
    0x08003b5c   0x00000010   Code   RO         2184    i.RTC_ExitInitMode  stm32f4xx_rtc.o
    0x08003b6c   0x0000004c   Code   RO         2192    i.RTC_GetTime       stm32f4xx_rtc.o
    0x08003bb8   0x00000050   Code   RO         2197    i.RTC_Init          stm32f4xx_rtc.o
    0x08003c08   0x0000000c   Code   RO         2200    i.RTC_ReadBackupRegister  stm32f4xx_rtc.o
    0x08003c14   0x0000009c   Code   RO         2204    i.RTC_SetTime       stm32f4xx_rtc.o
    0x08003cb0   0x00000058   Code   RO         4335    i.RTC_TimeRegulate  rtc_time.o
    0x08003d08   0x0000009c   Code   RO         4336    i.RTC_Time_Init     rtc_time.o
    0x08003da4   0x00000044   Code   RO         2220    i.RTC_WaitForSynchro  stm32f4xx_rtc.o
    0x08003de8   0x0000000c   Code   RO         2223    i.RTC_WriteBackupRegister  stm32f4xx_rtc.o
    0x08003df4   0x00000134   Code   RO         4078    i.Read_Ads7846      touchpanel.o
    0x08003f28   0x00000034   Code   RO         4079    i.Read_Bat          touchpanel.o
    0x08003f5c   0x00000034   Code   RO         4080    i.Read_X            touchpanel.o
    0x08003f90   0x00000034   Code   RO         4081    i.Read_Y            touchpanel.o
    0x08003fc4   0x000000c0   Code   RO         3038    i.SDEnWideBus       stm324xg_eval_sdio_sd.o
    0x08004084   0x0000000c   Code   RO         1288    i.SDIO_ClearFlag    stm32f4xx_sdio.o
    0x08004090   0x0000000c   Code   RO         1289    i.SDIO_ClearITPendingBit  stm32f4xx_sdio.o
    0x0800409c   0x0000000c   Code   RO         1290    i.SDIO_ClockCmd     stm32f4xx_sdio.o
    0x080040a8   0x0000000c   Code   RO         1293    i.SDIO_DMACmd       stm32f4xx_sdio.o
    0x080040b4   0x00000030   Code   RO         1294    i.SDIO_DataConfig   stm32f4xx_sdio.o
    0x080040e4   0x0000000c   Code   RO         1297    i.SDIO_GetCommandResponse  stm32f4xx_sdio.o
    0x080040f0   0x00000014   Code   RO         1300    i.SDIO_GetFlagStatus  stm32f4xx_sdio.o
    0x08004104   0x00000014   Code   RO         1301    i.SDIO_GetITStatus  stm32f4xx_sdio.o
    0x08004118   0x00000010   Code   RO         1302    i.SDIO_GetPowerState  stm32f4xx_sdio.o
    0x08004128   0x0000000c   Code   RO         1303    i.SDIO_GetResponse  stm32f4xx_sdio.o
    0x08004134   0x00000004   Code   RO          219    i.SDIO_IRQHandler   stm32f4xx_it.o
    0x08004138   0x00000018   Code   RO         1304    i.SDIO_ITConfig     stm32f4xx_sdio.o
    0x08004150   0x0000002c   Code   RO         1305    i.SDIO_Init         stm32f4xx_sdio.o
    0x0800417c   0x0000000c   Code   RO         1306    i.SDIO_ReadData     stm32f4xx_sdio.o
    0x08004188   0x00000028   Code   RO         1308    i.SDIO_SendCommand  stm32f4xx_sdio.o
    0x080041b0   0x0000000c   Code   RO         1310    i.SDIO_SetPowerState  stm32f4xx_sdio.o
    0x080041bc   0x00000018   Code   RO         3040    i.SD_Detect         stm324xg_eval_sdio_sd.o
    0x080041d4   0x00000074   Code   RO         3041    i.SD_EnableWideBusOperation  stm324xg_eval_sdio_sd.o
    0x08004248   0x0000025c   Code   RO         3043    i.SD_GetCardInfo    stm324xg_eval_sdio_sd.o
    0x080044a4   0x00000022   Code   RO         3045    i.SD_GetState       stm324xg_eval_sdio_sd.o
    0x080044c6   0x0000001a   Code   RO         3046    i.SD_GetStatus      stm324xg_eval_sdio_sd.o
    0x080044e0   0x0000005c   Code   RO         3048    i.SD_Init           stm324xg_eval_sdio_sd.o
    0x0800453c   0x00000100   Code   RO         3049    i.SD_InitializeCards  stm324xg_eval_sdio_sd.o
    0x0800463c   0x00000088   Code   RO         2961    i.SD_LowLevel_DMA_RxConfig  stm324xg_eval.o
    0x080046c4   0x00000088   Code   RO         2962    i.SD_LowLevel_DMA_TxConfig  stm324xg_eval.o
    0x0800474c   0x000000c0   Code   RO         2964    i.SD_LowLevel_Init  stm324xg_eval.o
    0x0800480c   0x00000038   Code   RO         2965    i.SD_NVIC_Configuration  stm324xg_eval.o
    0x08004844   0x000001c4   Code   RO         3051    i.SD_PowerON        stm324xg_eval_sdio_sd.o
    0x08004a08   0x00000028   Code   RO         3052    i.SD_ProcessDMAIRQ  stm324xg_eval_sdio_sd.o
    0x08004a30   0x00000090   Code   RO         3053    i.SD_ProcessIRQSrc  stm324xg_eval_sdio_sd.o
    0x08004ac0   0x000000bc   Code   RO         3055    i.SD_ReadMultiBlocks  stm324xg_eval_sdio_sd.o
    0x08004b7c   0x0000002c   Code   RO         3056    i.SD_SelectDeselect  stm324xg_eval_sdio_sd.o
    0x08004ba8   0x00000048   Code   RO         3058    i.SD_SendStatus     stm324xg_eval_sdio_sd.o
    0x08004bf0   0x00000028   Code   RO         3059    i.SD_StopTransfer   stm324xg_eval_sdio_sd.o
    0x08004c18   0x0000006c   Code   RO         3060    i.SD_WaitReadOperation  stm324xg_eval_sdio_sd.o
    0x08004c84   0x0000006c   Code   RO         3061    i.SD_WaitWriteOperation  stm324xg_eval_sdio_sd.o
    0x08004cf0   0x00000118   Code   RO         3063    i.SD_WriteMultiBlocks  stm324xg_eval_sdio_sd.o
    0x08004e08   0x00000014   Code   RO         1613    i.SPI_Cmd           stm32f4xx_spi.o
    0x08004e1c   0x00000054   Code   RO         1620    i.SPI_I2S_DeInit    stm32f4xx_spi.o
    0x08004e70   0x0000000e   Code   RO         1621    i.SPI_I2S_GetFlagStatus  stm32f4xx_spi.o
    0x08004e7e   0x00000004   Code   RO         1624    i.SPI_I2S_ReceiveData  stm32f4xx_spi.o
    0x08004e82   0x00000004   Code   RO         1625    i.SPI_I2S_SendData  stm32f4xx_spi.o
    0x08004e86   0x00000038   Code   RO         1626    i.SPI_Init          stm32f4xx_spi.o
    0x08004ebe   0x00000002   Code   RO          220    i.SVC_Handler       stm32f4xx_it.o
    0x08004ec0   0x00000028   Code   RO          863    i.SYSCFG_EXTILineConfig  stm32f4xx_syscfg.o
    0x08004ee8   0x000001a4   Code   RO         4082    i.SaveCalibrate     touchpanel.o
    0x0800508c   0x00000010   Code   RO         2616    i.SetFont           asciilib.o
    0x0800509c   0x0000009c   Code   RO          330    i.SetSysClock       system_stm32f4xx.o
    0x08005138   0x00000038   Code   RO          221    i.SysTick_Handler   stm32f4xx_it.o
    0x08005170   0x00000050   Code   RO          332    i.SystemInit        system_stm32f4xx.o
    0x080051c0   0x00000032   Code   RO         4083    i.TP_DrawPoint      touchpanel.o
    0x080051f2   0x0000001c   Code   RO         4084    i.TP_GetAdXY        touchpanel.o
    0x0800520e   0x00000002   PAD
    0x08005210   0x00000130   Code   RO         4085    i.TP_Init           touchpanel.o
    0x08005340   0x00000030   Code   RO         4086    i.TP_SwitchOff      touchpanel.o
    0x08005370   0x000000b8   Code   RO         4087    i.TouchPanel_Calibrate  touchpanel.o
    0x08005428   0x00000002   Code   RO          222    i.UsageFault_Handler  stm32f4xx_it.o
    0x0800542a   0x00000002   PAD
    0x0800542c   0x000000a8   Code   RO         3654    i.UserControls_Button_Add  usercontrols_button.o
    0x080054d4   0x0000008c   Code   RO         3655    i.UserControls_Button_AddWithSize  usercontrols_button.o
    0x08005560   0x0000000c   Code   RO         3656    i.UserControls_Button_Clear  usercontrols_button.o
    0x0800556c   0x000000ba   Code   RO         3657    i.UserControls_Button_Draw  usercontrols_button.o
    0x08005626   0x00000080   Code   RO         3658    i.UserControls_Button_DrawSTDsize  usercontrols_button.o
    0x080056a6   0x00000002   PAD
    0x080056a8   0x0000008c   Code   RO         3659    i.UserControls_Button_GetControl  usercontrols_button.o
    0x08005734   0x00000030   Code   RO         3660    i.UserControls_Button_GetLastControl  usercontrols_button.o
    0x08005764   0x000000d4   Code   RO         3661    i.UserControls_Button_Handle  usercontrols_button.o
    0x08005838   0x00000040   Code   RO         3662    i.UserControls_Button_RedrawAll  usercontrols_button.o
    0x08005878   0x0000002c   Code   RO         3663    i.UserControls_Button_RedrawControls  usercontrols_button.o
    0x080058a4   0x0000001c   Code   RO         3664    i.UserControls_Button_SizeOffset  usercontrols_button.o
    0x080058c0   0x00000074   Code   RO         3740    i.UserControls_CheckBox_Add  usercontrols_checkbox.o
    0x08005934   0x0000000c   Code   RO         3741    i.UserControls_CheckBox_Clear  usercontrols_checkbox.o
    0x08005940   0x00000048   Code   RO         3742    i.UserControls_CheckBox_Draw  usercontrols_checkbox.o
    0x08005988   0x00000014   Code   RO         3743    i.UserControls_CheckBox_Get  usercontrols_checkbox.o
    0x0800599c   0x000000b8   Code   RO         3744    i.UserControls_CheckBox_Handle  usercontrols_checkbox.o
    0x08005a54   0x0000000c   Code   RO         3790    i.UserControls_ListBox_Active  usercontrols_listbox.o
    0x08005a60   0x0000007c   Code   RO         3791    i.UserControls_ListBox_Add  usercontrols_listbox.o
    0x08005adc   0x0000002c   Code   RO         3792    i.UserControls_ListBox_Clear  usercontrols_listbox.o
    0x08005b08   0x00000054   Code   RO         3793    i.UserControls_ListBox_Draw  usercontrols_listbox.o
    0x08005b5c   0x00000030   Code   RO         3794    i.UserControls_ListBox_GetText  usercontrols_listbox.o
    0x08005b8c   0x00000298   Code   RO         3795    i.UserControls_ListBox_Handle  usercontrols_listbox.o
    0x08005e24   0x000000dc   Code   RO         3796    i.UserControls_ListBox_Item_Draw  usercontrols_listbox.o
    0x08005f00   0x00000088   Code   RO         3797    i.UserControls_ListBox_Items_Add  usercontrols_listbox.o
    0x08005f88   0x00000030   Code   RO         3798    i.UserControls_ListBox_NextPage  usercontrols_listbox.o
    0x08005fb8   0x00000024   Code   RO         3799    i.UserControls_ListBox_PageCount  usercontrols_listbox.o
    0x08005fdc   0x00000028   Code   RO         3800    i.UserControls_ListBox_PageItems  usercontrols_listbox.o
    0x08006004   0x00000020   Code   RO         3801    i.UserControls_ListBox_PrevPage  usercontrols_listbox.o
    0x08006024   0x000000c0   Code   RO         3933    i.UserControls_RadioButton_Add  usercontrols_radiobutton.o
    0x080060e4   0x0000000c   Code   RO         3934    i.UserControls_RadioButton_Clear  usercontrols_radiobutton.o
    0x080060f0   0x00000040   Code   RO         3935    i.UserControls_RadioButton_Draw  usercontrols_radiobutton.o
    0x08006130   0x00000028   Code   RO         3936    i.UserControls_RadioButton_GetDigitFromIndex  usercontrols_radiobutton.o
    0x08006158   0x00000024   Code   RO         3937    i.UserControls_RadioButton_GetTextFromIndex  usercontrols_radiobutton.o
    0x0800617c   0x00000038   Code   RO         3938    i.UserControls_RadioButton_Handle  usercontrols_radiobutton.o
    0x080061b4   0x0000005c   Code   RO         3939    i.UserControls_RadioButton_Set  usercontrols_radiobutton.o
    0x08006210   0x0000008c   Code   RO         4006    i.UserControls_ValueRegulator_Add  usercontrols_valueregulator.o
    0x0800629c   0x0000000c   Code   RO         4007    i.UserControls_ValueRegulator_Clear  usercontrols_valueregulator.o
    0x080062a8   0x000000e0   Code   RO         4008    i.UserControls_ValueRegulator_Draw  usercontrols_valueregulator.o
    0x08006388   0x00000150   Code   RO         4009    i.UserControls_ValueRegulator_Handle  usercontrols_valueregulator.o
    0x080064d8   0x00000034   Code   RO         4088    i.WR_CMD            touchpanel.o
    0x0800650c   0x00000178   Code   RO         4224    i._Form_Main_Show   formmanager.o
    0x08006684   0x00000188   Code   RO         4225    i._Form_Menu_Show   formmanager.o
    0x0800680c   0x00000068   Code   RO         4296    i._PWR_InitDownButton  pwr.o
    0x08006874   0x00000064   Code   RO         4297    i._PWR_InitUpButton  pwr.o
    0x080068d8   0x00000028   Code   RO         4549    i.__0sprintf$6      mc_w.l(printf6.o)
    0x08006900   0x00000008   Code   RO         4691    i.__aeabi_errno_addr  mc_w.l(errno.o)
    0x08006908   0x0000000c   Code   RO         4692    i.__read_errno      mc_w.l(errno.o)
    0x08006914   0x0000000e   Code   RO         4764    i.__scatterload_copy  mc_w.l(handlers.o)
    0x08006922   0x00000002   Code   RO         4765    i.__scatterload_null  mc_w.l(handlers.o)
    0x08006924   0x0000000e   Code   RO         4766    i.__scatterload_zeroinit  mc_w.l(handlers.o)
    0x08006932   0x00000002   PAD
    0x08006934   0x0000000c   Code   RO         4693    i.__set_errno       mc_w.l(errno.o)
    0x08006940   0x00000034   Code   RO         4226    i._btnStart         formmanager.o
    0x08006974   0x0000006c   Code   RO         3940    i._getNum           usercontrols_radiobutton.o
    0x080069e0   0x0000000e   Code   RO         4744    i._is_digit         mc_w.l(scanf_fp.o)
    0x080069ee   0x00000002   PAD
    0x080069f0   0x0000005c   Code   RO         4227    i._loadPrevious     formmanager.o
    0x08006a4c   0x000002f4   Code   RO         4554    i._printf_core      mc_w.l(printf6.o)
    0x08006d40   0x00000026   Code   RO         4555    i._printf_post_padding  mc_w.l(printf6.o)
    0x08006d66   0x00000030   Code   RO         4556    i._printf_pre_padding  mc_w.l(printf6.o)
    0x08006d96   0x00000002   PAD
    0x08006d98   0x00000044   Code   RO         3941    i._refresh          usercontrols_radiobutton.o
    0x08006ddc   0x0000000c   Code   RO         4228    i._saveClockSettings  formmanager.o
    0x08006de8   0x0000000a   Code   RO         4558    i._sputc            mc_w.l(printf6.o)
    0x08006df2   0x0000002a   Code   RO         4372    i.atof              m_ws.l(atof.o)
    0x08006e1c   0x0000005c   Code   RO         3288    i.check_fs          ff.o
    0x08006e78   0x00000010   Code   RO         3289    i.chk_chr           ff.o
    0x08006e88   0x00000230   Code   RO         3290    i.chk_mounted       ff.o
    0x080070b8   0x00000018   Code   RO         3291    i.clust2sect        ff.o
    0x080070d0   0x00000096   Code   RO         3292    i.create_chain      ff.o
    0x08007166   0x00000002   PAD
    0x08007168   0x00000200   Code   RO         3293    i.create_name       ff.o
    0x08007368   0x00000134   Code   RO         3294    i.dir_find          ff.o
    0x0800749c   0x00000104   Code   RO         3295    i.dir_next          ff.o
    0x080075a0   0x000000f8   Code   RO         3296    i.dir_read          ff.o
    0x08007698   0x000001ac   Code   RO         3297    i.dir_register      ff.o
    0x08007844   0x00000050   Code   RO         3298    i.dir_remove        ff.o
    0x08007894   0x000000a0   Code   RO         3299    i.dir_sdi           ff.o
    0x08007934   0x00000012   Code   RO         3235    i.disk_initialize   diskio.o
    0x08007946   0x00000022   Code   RO         3236    i.disk_ioctl        diskio.o
    0x08007968   0x00000026   Code   RO         3237    i.disk_read         diskio.o
    0x0800798e   0x00000008   Code   RO         3238    i.disk_status       diskio.o
    0x08007996   0x00000026   Code   RO         3239    i.disk_write        diskio.o
    0x080079bc   0x00000050   Code   RO         3300    i.f_chmod           ff.o
    0x08007a0c   0x00000012   Code   RO         3301    i.f_close           ff.o
    0x08007a1e   0x000000c2   Code   RO         3302    i.f_getfree         ff.o
    0x08007ae0   0x00000048   Code   RO         3303    i.f_gets            ff.o
    0x08007b28   0x00000146   Code   RO         3304    i.f_lseek           ff.o
    0x08007c6e   0x00000162   Code   RO         3305    i.f_mkdir           ff.o
    0x08007dd0   0x00000520   Code   RO         3306    i.f_mkfs            ff.o
    0x080082f0   0x00000020   Code   RO         3307    i.f_mount           ff.o
    0x08008310   0x0000013a   Code   RO         3308    i.f_open            ff.o
    0x0800844a   0x00000060   Code   RO         3309    i.f_opendir         ff.o
    0x080084aa   0x000001f4   Code   RO         3310    i.f_printf          ff.o
    0x0800869e   0x0000002c   Code   RO         3311    i.f_putc            ff.o
    0x080086ca   0x00000028   Code   RO         3312    i.f_puts            ff.o
    0x080086f2   0x00000162   Code   RO         3313    i.f_read            ff.o
    0x08008854   0x00000056   Code   RO         3314    i.f_readdir         ff.o
    0x080088aa   0x000000fe   Code   RO         3315    i.f_rename          ff.o
    0x080089a8   0x0000003e   Code   RO         3316    i.f_stat            ff.o
    0x080089e6   0x00000098   Code   RO         3317    i.f_sync            ff.o
    0x08008a7e   0x0000008c   Code   RO         3318    i.f_truncate        ff.o
    0x08008b0a   0x000000a6   Code   RO         3319    i.f_unlink          ff.o
    0x08008bb0   0x00000054   Code   RO         3320    i.f_utime           ff.o
    0x08008c04   0x000001a2   Code   RO         3321    i.f_write           ff.o
    0x08008da6   0x00000002   PAD
    0x08008da8   0x00000038   Code   RO         3633    i.ff_convert        ccsbcs.o
    0x08008de0   0x00000024   Code   RO         3634    i.ff_wtoupper       ccsbcs.o
    0x08008e04   0x00000066   Code   RO         3322    i.follow_path       ff.o
    0x08008e6a   0x00000002   PAD
    0x08008e6c   0x0000006c   Code   RO         3323    i.gen_numname       ff.o
    0x08008ed8   0x000000b0   Code   RO         4089    i.getDisplayPoint   touchpanel.o
    0x08008f88   0x000000e4   Code   RO         3324    i.get_fat           ff.o
    0x0800906c   0x00000004   Code   RO         3618    i.get_fattime       fattime.o
    0x08009070   0x000000d0   Code   RO         3325    i.get_fileinfo      ff.o
    0x08009140   0x00000012   Code   RO         3326    i.ld_clust          ff.o
    0x08009152   0x00000002   PAD
    0x08009154   0x00000048   Code   RO            2    i.main              main.o
    0x0800919c   0x00000012   Code   RO         3327    i.mem_cpy           ff.o
    0x080091ae   0x0000000e   Code   RO         3328    i.mem_set           ff.o
    0x080091bc   0x0000002e   Code   RO         3329    i.move_window       ff.o
    0x080091ea   0x00000002   PAD
    0x080091ec   0x00000126   Code   RO         3330    i.put_fat           ff.o
    0x08009312   0x00000062   Code   RO         3331    i.remove_chain      ff.o
    0x08009374   0x0000008c   Code   RO         3581    i.scan_files        sduser.o
    0x08009400   0x00000018   Code   RO         3582    i.scan_programs     sduser.o
    0x08009418   0x0000014a   Code   RO         4090    i.setCalibrationMatrix  touchpanel.o
    0x08009562   0x00000010   Code   RO         3332    i.st_clust          ff.o
    0x08009572   0x0000001a   Code   RO         3333    i.sum_sfn           ff.o
    0x0800958c   0x000000b6   Code   RO         3334    i.sync_fs           ff.o
    0x08009642   0x00000054   Code   RO         3335    i.sync_window       ff.o
    0x08009696   0x00000026   Code   RO         3336    i.validate          ff.o
    0x080096bc   0x00000d20   Data   RO         2617    .constdata          asciilib.o
    0x0800a3dc   0x000000ba   Data   RO         3337    .constdata          ff.o
    0x0800a496   0x00000002   PAD
    0x0800a498   0x0000000f   Data   RO         3586    .constdata          sduser.o
    0x0800a4a7   0x00000001   PAD
    0x0800a4a8   0x000004c0   Data   RO         3635    .constdata          ccsbcs.o
    0x0800a968   0x00000043   Data   RO         3666    .constdata          usercontrols_button.o
    0x0800a9ab   0x00000001   PAD
    0x0800a9ac   0x00000548   Data   RO         3943    .constdata          usercontrols_radiobutton.o
    0x0800aef4   0x00000032   Data   RO         4229    .constdata          formmanager.o
    0x0800af26   0x00000081   Data   RO         4715    .constdata          mc_w.l(ctype_o.o)
    0x0800afa7   0x00000001   PAD
    0x0800afa8   0x00000004   Data   RO         4716    .constdata          mc_w.l(ctype_o.o)
    0x0800afac   0x00000020   Data   RO         4762    Region$$Table       anon$$obj.o


    Execution Region RW_IRAM1 (Base: 0x20000000, Size: 0x00002760, Max: 0x00003000, ABSOLUTE)

    Base Addr    Size         Type   Attr      Idx    E Section Name        Object

    0x20000000   0x00000004   Data   RW          224    .data               stm32f4xx_it.o
    0x20000004   0x00000014   Data   RW          333    .data               system_stm32f4xx.o
    0x20000018   0x00000001   Data   RW         2618    .data               asciilib.o
    0x20000019   0x00000003   PAD
    0x2000001c   0x00000008   Data   RW         2695    .data               ili9481.o
    0x20000024   0x00000018   Data   RW         3066    .data               stm324xg_eval_sdio_sd.o
    0x2000003c   0x00000008   Data   RW         3338    .data               ff.o
    0x20000044   0x00000001   Data   RW         3587    .data               sduser.o
    0x20000045   0x00000001   Data   RW         3667    .data               usercontrols_button.o
    0x20000046   0x00000002   Data   RW         3746    .data               usercontrols_checkbox.o
    0x20000048   0x00000010   Data   RW         3803    .data               usercontrols_listbox.o
    0x20000058   0x00000010   Data   RW         3886    .data               usercontrols_messagebox.o
    0x20000068   0x00000002   Data   RW         3944    .data               usercontrols_radiobutton.o
    0x2000006a   0x00000004   Data   RW         4011    .data               usercontrols_valueregulator.o
    0x2000006e   0x00000002   PAD
    0x20000070   0x00000010   Data   RW         4048    .data               flash.o
    0x20000080   0x00000010   Data   RW         4092    .data               touchpanel.o
    0x20000090   0x00000004   Data   RW         4093    .data               touchpanel.o
    0x20000094   0x00000010   Data   RW         4230    .data               formmanager.o
    0x200000a4   0x0000000c   Data   RW         4339    .data               rtc_time.o
    0x200000b0   0x00000004   Data   RW         4694    .data               mc_w.l(errno.o)
    0x200000b4   0x00000004   PAD
    0x200000b8   0x000000cc   Zero   RW         3065    .bss                stm324xg_eval_sdio_sd.o
    0x20000184   0x0000001b   Zero   RW         3583    .bss                sduser.o
    0x2000019f   0x00000001   PAD
    0x200001a0   0x00000434   Zero   RW         3584    .bss                sduser.o
    0x200005d4   0x00000424   Zero   RW         3585    .bss                sduser.o
    0x200009f8   0x00000578   Zero   RW         3665    .bss                usercontrols_button.o
    0x20000f70   0x00000578   Zero   RW         3745    .bss                usercontrols_checkbox.o
    0x200014e8   0x00000410   Zero   RW         3802    .bss                usercontrols_listbox.o
    0x200018f8   0x0000046a   Zero   RW         3942    .bss                usercontrols_radiobutton.o
    0x20001d62   0x00000002   PAD
    0x20001d64   0x000005aa   Zero   RW         4010    .bss                usercontrols_valueregulator.o
    0x2000230e   0x00000002   PAD
    0x20002310   0x00000044   Zero   RW         4091    .bss                touchpanel.o
    0x20002354   0x0000000c   Zero   RW         4338    .bss                rtc_time.o
    0x20002360   0x00000400   Zero   RW         2602    STACK               startup_stm32f4xx.o

